Component: ARM Compiler 5.06 update 7 (build 960) Tool: armlink [4d3601]

==============================================================================

Section Cross References

    main.o(i.InitHardware) refers to system_stm32f10x.o(i.SystemInit) for SystemInit
    main.o(i.InitHardware) refers to rcc.o(i.InitRCC) for InitRCC
    main.o(i.InitHardware) refers to nvic.o(i.InitNVIC) for InitNVIC
    main.o(i.InitHardware) refers to uart1.o(i.InitUART1) for InitUART1
    main.o(i.InitHardware) refers to timer.o(i.InitTimer) for InitTimer
    main.o(i.InitHardware) refers to led.o(i.InitLED) for InitLED
    main.o(i.InitHardware) refers to systick.o(i.InitSysTick) for InitSysTick
    main.o(i.InitHardware) refers to keyone.o(i.InitKeyOne) for InitKeyOne
    main.o(i.InitHardware) refers to prockeyone.o(i.InitProcKeyOne) for InitProcKeyOne
    main.o(i.InitHardware) refers to oled.o(i.InitOLED) for InitOLED
    main.o(i.Proc1SecTask) refers to timer.o(i.Get1SecFlag) for Get1SecFlag
    main.o(i.Proc1SecTask) refers to timer.o(i.Clr1SecFlag) for Clr1SecFlag
    main.o(i.Proc2msTask) refers to timer.o(i.Get2msFlag) for Get2msFlag
    main.o(i.Proc2msTask) refers to main.o(i.clockPerTick) for clockPerTick
    main.o(i.Proc2msTask) refers to main.o(i.handleKeys) for handleKeys
    main.o(i.Proc2msTask) refers to oled.o(i.OLEDRefreshGRAM) for OLEDRefreshGRAM
    main.o(i.Proc2msTask) refers to timer.o(i.Clr2msFlag) for Clr2msFlag
    main.o(i.ProcKeyLongDownKey) refers to oled.o(i.OLEDClear) for OLEDClear
    main.o(i.ProcKeyLongDownKey) refers to printf6.o(i.__0printf$6) for __2printf
    main.o(i.ProcKeyLongDownKey) refers to main.o(.data) for .data
    main.o(i.clockPerTick) refers to main.o(i.handleCurrentTimeStr) for handleCurrentTimeStr
    main.o(i.clockPerTick) refers to main.o(i.handleCurrentDateStr) for handleCurrentDateStr
    main.o(i.clockPerTick) refers to main.o(.data) for .data
    main.o(i.handleCurrentDateStr) refers to printf6.o(i.__0sprintf$6) for __2sprintf
    main.o(i.handleCurrentDateStr) refers to main.o(.data) for .data
    main.o(i.handleCurrentDateStr) refers to main.o(.bss) for .bss
    main.o(i.handleCurrentTimeStr) refers to printf6.o(i.__0sprintf$6) for __2sprintf
    main.o(i.handleCurrentTimeStr) refers to main.o(.data) for .data
    main.o(i.handleCurrentTimeStr) refers to main.o(.bss) for .bss
    main.o(i.handleKeys) refers to keyone.o(i.ScanKeyOne) for ScanKeyOne
    main.o(i.handleKeys) refers to main.o(.data) for .data
    main.o(i.handleKeys) refers to main.o(i.ProcKeyLongDownKey) for ProcKeyLongDownKey
    main.o(i.handleKeys) refers to main.o(i.ProcKeyDownKey1) for ProcKeyDownKey1
    main.o(i.handleKeys) refers to main.o(i.ProcKeyUpKey1) for ProcKeyUpKey1
    main.o(i.handleKeys) refers to main.o(i.ProcKeyDownKey2) for ProcKeyDownKey2
    main.o(i.handleKeys) refers to main.o(i.ProcKeyUpKey2) for ProcKeyUpKey2
    main.o(i.handleKeys) refers to main.o(i.ProcKeyDownKey3) for ProcKeyDownKey3
    main.o(i.handleKeys) refers to main.o(i.ProcKeyUpKey3) for ProcKeyUpKey3
    main.o(i.main) refers to main.o(i.InitSoftware) for InitSoftware
    main.o(i.main) refers to main.o(i.InitHardware) for InitHardware
    main.o(i.main) refers to printf6.o(i.__0printf$6) for __2printf
    main.o(i.main) refers to main.o(i.renderHomePage) for renderHomePage
    main.o(i.main) refers to main.o(i.renderSettingsPage) for renderSettingsPage
    main.o(i.main) refers to main.o(i.Proc2msTask) for Proc2msTask
    main.o(i.main) refers to main.o(i.Proc1SecTask) for Proc1SecTask
    main.o(i.main) refers to main.o(.data) for .data
    main.o(i.renderHomePage) refers to oled.o(i.OLEDShowStringBySize) for OLEDShowStringBySize
    main.o(i.renderHomePage) refers to main.o(.bss) for .bss
    main.o(i.renderSettingsPage) refers to oled.o(i.OLEDShowStringBySize) for OLEDShowStringBySize
    main.o(i.renderSettingsPage) refers to main.o(.bss) for .bss
    led.o(i.ConfigLEDGPIO) refers to stm32f10x_rcc.o(i.RCC_APB2PeriphClockCmd) for RCC_APB2PeriphClockCmd
    led.o(i.ConfigLEDGPIO) refers to stm32f10x_gpio.o(i.GPIO_Init) for GPIO_Init
    led.o(i.ConfigLEDGPIO) refers to stm32f10x_gpio.o(i.GPIO_WriteBit) for GPIO_WriteBit
    led.o(i.InitLED) refers to led.o(i.ConfigLEDGPIO) for ConfigLEDGPIO
    led.o(i.LEDFlicker) refers to stm32f10x_gpio.o(i.GPIO_ReadOutputDataBit) for GPIO_ReadOutputDataBit
    led.o(i.LEDFlicker) refers to stm32f10x_gpio.o(i.GPIO_WriteBit) for GPIO_WriteBit
    led.o(i.LEDFlicker) refers to led.o(.data) for .data
    oled.o(i.ConfigOLEDGPIO) refers to stm32f10x_rcc.o(i.RCC_APB2PeriphClockCmd) for RCC_APB2PeriphClockCmd
    oled.o(i.ConfigOLEDGPIO) refers to stm32f10x_gpio.o(i.GPIO_Init) for GPIO_Init
    oled.o(i.ConfigOLEDGPIO) refers to stm32f10x_gpio.o(i.GPIO_SetBits) for GPIO_SetBits
    oled.o(i.ConfigOLEDReg) refers to oled.o(i.OLEDWriteByte) for OLEDWriteByte
    oled.o(i.InitOLED) refers to oled.o(i.ConfigOLEDGPIO) for ConfigOLEDGPIO
[...]
    printf5.o(i.__0printf$5) refers to uart1.o(i.fputc) for fputc
    printf5.o(i.__0printf$5) refers to stdout.o(.data) for __stdout
    printf5.o(i.__0snprintf$5) refers to printf5.o(i._printf_core) for _printf_core
    printf5.o(i.__0snprintf$5) refers to printf5.o(i._snputc) for _snputc
    printf5.o(i.__0sprintf$5) refers to printf5.o(i._printf_core) for _printf_core
    printf5.o(i.__0sprintf$5) refers to printf5.o(i._sputc) for _sputc
    printf5.o(i.__0vfprintf$5) refers to printf5.o(i._printf_core) for _printf_core
    printf5.o(i.__0vfprintf$5) refers to uart1.o(i.fputc) for fputc
    printf5.o(i.__0vprintf$5) refers to printf5.o(i._printf_core) for _printf_core
    printf5.o(i.__0vprintf$5) refers to uart1.o(i.fputc) for fputc
    printf5.o(i.__0vprintf$5) refers to stdout.o(.data) for __stdout
    printf5.o(i.__0vsnprintf$5) refers to printf5.o(i._printf_core) for _printf_core
    printf5.o(i.__0vsnprintf$5) refers to printf5.o(i._snputc) for _snputc
    printf5.o(i.__0vsprintf$5) refers to printf5.o(i._printf_core) for _printf_core
    printf5.o(i.__0vsprintf$5) refers to printf5.o(i._sputc) for _sputc
    printf5.o(i._printf_core) refers to uldiv.o(.text) for __aeabi_uldivmod
    printf6.o(i.__0fprintf$6) refers to printf6.o(i._printf_core) for _printf_core
    printf6.o(i.__0fprintf$6) refers to uart1.o(i.fputc) for fputc
    printf6.o(i.__0printf$6) refers to printf6.o(i._printf_core) for _printf_core
    printf6.o(i.__0printf$6) refers to uart1.o(i.fputc) for fputc
    printf6.o(i.__0printf$6) refers to stdout.o(.data) for __stdout
    printf6.o(i.__0snprintf$6) refers to printf6.o(i._printf_core) for _printf_core
    printf6.o(i.__0snprintf$6) refers to printf6.o(i._snputc) for _snputc
    printf6.o(i.__0sprintf$6) refers to printf6.o(i._printf_core) for _printf_core
    printf6.o(i.__0sprintf$6) refers to printf6.o(i._sputc) for _sputc
    printf6.o(i.__0vfprintf$6) refers to printf6.o(i._printf_core) for _printf_core
    printf6.o(i.__0vfprintf$6) refers to uart1.o(i.fputc) for fputc
    printf6.o(i.__0vprintf$6) refers to printf6.o(i._printf_core) for _printf_core
    printf6.o(i.__0vprintf$6) refers to uart1.o(i.fputc) for fputc
    printf6.o(i.__0vprintf$6) refers to stdout.o(.data) for __stdout
    printf6.o(i.__0vsnprintf$6) refers to printf6.o(i._printf_core) for _printf_core
    printf6.o(i.__0vsnprintf$6) refers to printf6.o(i._snputc) for _snputc
    printf6.o(i.__0vsprintf$6) refers to printf6.o(i._printf_core) for _printf_core
    printf6.o(i.__0vsprintf$6) refers to printf6.o(i._sputc) for _sputc
    printf6.o(i._printf_core) refers to printf6.o(i._printf_pre_padding) for _printf_pre_padding
    printf6.o(i._printf_core) refers to uidiv.o(.text) for __aeabi_uidivmod
    printf6.o(i._printf_core) refers to printf6.o(i._printf_post_padding) for _printf_post_padding
    printf7.o(i.__0fprintf$7) refers to printf7.o(i._printf_core) for _printf_core
    printf7.o(i.__0fprintf$7) refers to uart1.o(i.fputc) for fputc
    printf7.o(i.__0printf$7) refers to printf7.o(i._printf_core) for _printf_core
    printf7.o(i.__0printf$7) refers to uart1.o(i.fputc) for fputc
    printf7.o(i.__0printf$7) refers to stdout.o(.data) for __stdout
    printf7.o(i.__0snprintf$7) refers to printf7.o(i._printf_core) for _printf_core
    printf7.o(i.__0snprintf$7) refers to printf7.o(i._snputc) for _snputc
    printf7.o(i.__0sprintf$7) refers to printf7.o(i._printf_core) for _printf_core
    printf7.o(i.__0sprintf$7) refers to printf7.o(i._sputc) for _sputc
    printf7.o(i.__0vfprintf$7) refers to printf7.o(i._printf_core) for _printf_core
    printf7.o(i.__0vfprintf$7) refers to uart1.o(i.fputc) for fputc
    printf7.o(i.__0vprintf$7) refers to printf7.o(i._printf_core) for _printf_core
    printf7.o(i.__0vprintf$7) refers to uart1.o(i.fputc) for fputc
    printf7.o(i.__0vprintf$7) refers to stdout.o(.data) for __stdout
    printf7.o(i.__0vsnprintf$7) refers to printf7.o(i._printf_core) for _printf_core
    printf7.o(i.__0vsnprintf$7) refers to printf7.o(i._snputc) for _snputc
    printf7.o(i.__0vsprintf$7) refers to printf7.o(i._printf_core) for _printf_core
    printf7.o(i.__0vsprintf$7) refers to printf7.o(i._sputc) for _sputc
    printf7.o(i._printf_core) refers to printf7.o(i._printf_pre_padding) for _printf_pre_padding
    printf7.o(i._printf_core) refers to uldiv.o(.text) for __aeabi_uldivmod
    printf7.o(i._printf_core) refers to printf7.o(i._printf_post_padding) for _printf_post_padding
    printf8.o(i.__0fprintf$8) refers to printf8.o(i._printf_core) for _printf_core
    printf8.o(i.__0fprintf$8) refers to uart1.o(i.fputc) for fputc
    printf8.o(i.__0printf$8) refers to printf8.o(i._printf_core) for _printf_core
    printf8.o(i.__0printf$8) refers to uart1.o(i.fputc) for fputc
    printf8.o(i.__0printf$8) refers to stdout.o(.data) for __stdout
    printf8.o(i.__0snprintf$8) refers to printf8.o(i._printf_core) for _printf_core
    printf8.o(i.__0snprintf$8) refers to printf8.o(i._snputc) for _snputc
    printf8.o(i.__0sprintf$8) refers to printf8.o(i._printf_core) for _printf_core
    printf8.o(i.__0sprintf$8) refers to printf8.o(i._sputc) for _sputc
    printf8.o(i.__0vfprintf$8) refers to printf8.o(i._printf_core) for _printf_core
    printf8.o(i.__0vfprintf$8) refers to uart1.o(i.fputc) for fputc
    printf8.o(i.__0vprintf$8) refers to printf8.o(i._printf_core) for _printf_core
    printf8.o(i.__0vprintf$8) refers to uart1.o(i.fputc) for fputc
    printf8.o(i.__0vprintf$8) refers to stdout.o(.data) for __stdout
    printf8.o(i.__0vsnprintf$8) refers to printf8.o(i._printf_core) for _printf_core
    printf8.o(i.__0vsnprintf$8) refers to printf8.o(i._snputc) for _snputc
    printf8.o(i.__0vsprintf$8) refers to printf8.o(i._printf_core) for _printf_core
    printf8.o(i.__0vsprintf$8) refers to printf8.o(i._sputc) for _sputc
    printf8.o(i._printf_core) refers to printf8.o(i._printf_pre_padding) for _printf_pre_padding
    printf8.o(i._printf_core) refers to uldiv.o(.text) for __aeabi_uldivmod
    printf8.o(i._printf_core) refers to printf8.o(i._printf_post_padding) for _printf_post_padding
    printfa.o(i.__0fprintf) refers (Special) to iusefp.o(.text) for __I$use$fp
    printfa.o(i.__0fprintf) refers to printfa.o(i._printf_core) for _printf_core
    printfa.o(i.__0fprintf) refers to uart1.o(i.fputc) for fputc
    printfa.o(i.__0printf) refers (Special) to iusefp.o(.text) for __I$use$fp
    printfa.o(i.__0printf) refers to printfa.o(i._printf_core) for _printf_core
    printfa.o(i.__0printf) refers to uart1.o(i.fputc) for fputc
    printfa.o(i.__0printf) refers to stdout.o(.data) for __stdout
    printfa.o(i.__0snprintf) refers (Special) to iusefp.o(.text) for __I$use$fp
    printfa.o(i.__0snprintf) refers to printfa.o(i._printf_core) for _printf_core
    printfa.o(i.__0snprintf) refers to printfa.o(i._snputc) for _snputc
    printfa.o(i.__0sprintf) refers (Special) to iusefp.o(.text) for __I$use$fp
    printfa.o(i.__0sprintf) refers to printfa.o(i._printf_core) for _printf_core
    printfa.o(i.__0sprintf) refers to printfa.o(i._sputc) for _sputc
    printfa.o(i.__0vfprintf) refers (Special) to iusefp.o(.text) for __I$use$fp
    printfa.o(i.__0vfprintf) refers to printfa.o(i._printf_core) for _printf_core
    printfa.o(i.__0vfprintf) refers to uart1.o(i.fputc) for fputc
    printfa.o(i.__0vprintf) refers (Special) to iusefp.o(.text) for __I$use$fp
    printfa.o(i.__0vprintf) refers to printfa.o(i._printf_core) for _printf_core
    printfa.o(i.__0vprintf) refers to uart1.o(i.fputc) for fputc
    printfa.o(i.__0vprintf) refers to stdout.o(.data) for __stdout
    printfa.o(i.__0vsnprintf) refers (Special) to iusefp.o(.text) for __I$use$fp
    printfa.o(i.__0vsnprintf) refers to printfa.o(i._printf_core) for _printf_core
    printfa.o(i.__0vsnprintf) refers to printfa.o(i._snputc) for _snputc
    printfa.o(i.__0vsprintf) refers (Special) to iusefp.o(.text) for __I$use$fp
    printfa.o(i.__0vsprintf) refers to printfa.o(i._printf_core) for _printf_core
    printfa.o(i.__0vsprintf) refers to printfa.o(i._sputc) for _sputc
    printfa.o(i._fp_digits) refers (Special) to iusefp.o(.text) for __I$use$fp
    printfa.o(i._fp_digits) refers to dmul.o(.text) for __aeabi_dmul
    printfa.o(i._fp_digits) refers to ddiv.o(.text) for __aeabi_ddiv
    printfa.o(i._fp_digits) refers to cdrcmple.o(.text) for __aeabi_cdrcmple
    printfa.o(i._fp_digits) refers to dadd.o(.text) for __aeabi_dadd
    printfa.o(i._fp_digits) refers to dfixul.o(.text) for __aeabi_d2ulz
    printfa.o(i._fp_digits) refers to uldiv.o(.text) for __aeabi_uldivmod
    printfa.o(i._printf_core) refers (Special) to iusefp.o(.text) for __I$use$fp
    printfa.o(i._printf_core) refers to printfa.o(i._printf_pre_padding) for _printf_pre_padding
    printfa.o(i._printf_core) refers to uldiv.o(.text) for __aeabi_uldivmod
    printfa.o(i._printf_core) refers to printfa.o(i._printf_post_padding) for _printf_post_padding
    printfa.o(i._printf_core) refers to printfa.o(i._fp_digits) for _fp_digits
    printfa.o(i._printf_core) refers to uidiv.o(.text) for __aeabi_uidivmod
    printfa.o(i._printf_post_padding) refers (Special) to iusefp.o(.text) for __I$use$fp
    printfa.o(i._printf_pre_padding) refers (Special) to iusefp.o(.text) for __I$use$fp
    printfa.o(i._snputc) refers (Special) to iusefp.o(.text) for __I$use$fp
    printfa.o(i._sputc) refers (Special) to iusefp.o(.text) for __I$use$fp
    entry2.o(.ARM.Collect$$$$00000001) refers to entry2.o(.ARM.Collect$$$$00002712) for __lit__00000000
    entry2.o(.ARM.Collect$$$$00002712) refers to startup_stm32f10x_hd.o(STACK) for __initial_sp
    entry2.o(__vectab_stack_and_reset_area) refers to startup_stm32f10x_hd.o(STACK) for __initial_sp
    entry2.o(__vectab_stack_and_reset_area) refers to entry.o(.ARM.Collect$$$$00000000) for __main
    entry5.o(.ARM.Collect$$$$00000004) refers to init.o(.text) for __scatterload
    entry9a.o(.ARM.Collect$$$$0000000B) refers to main.o(i.main) for main
    entry9b.o(.ARM.Collect$$$$0000000C) refers to main.o(i.main) for main
    uldiv.o(.text) refers to llushr.o(.text) for __aeabi_llsr
    uldiv.o(.text) refers to llshl.o(.text) for __aeabi_llsl
    dadd.o(.text) refers to llshl.o(.text) for __aeabi_llsl
    dadd.o(.text) refers to llsshr.o(.text) for __aeabi_lasr
    dadd.o(.text) refers to depilogue.o(.text) for _double_epilogue
    dmul.o(.text) refers to depilogue.o(.text) for _double_epilogue
    ddiv.o(.text) refers to depilogue.o(.text) for _double_round
    dfixul.o(.text) refers to llushr.o(.text) for __aeabi_llsr
    dfixul.o(.text) refers to llshl.o(.text) for __aeabi_llsl
    init.o(.text) refers to entry5.o(.ARM.Collect$$$$00000004) for __main_after_scatterload
    depilogue.o(.text) refers to llshl.o(.text) for __aeabi_llsl
    depilogue.o(.text) refers to llushr.o(.text) for __aeabi_llsr


==============================================================================

Removing Unused input sections from the image.

    Removing led.o(i.LEDFlicker), (80 bytes).
    Removing led.o(.data), (2 bytes).
    Removing oled.o(i.CalcPow), (16 bytes).
    Removing oled.o(i.OLEDDisplayOff), (30 bytes).
    Removing oled.o(i.OLEDDisplayOn), (30 bytes).
    Removing oled.o(i.OLEDShowNum), (126 bytes).
    Removing oled.o(i.OLEDShowString), (62 bytes).
    Removing queue.o(i.ClearQueue), (10 bytes).
    Removing queue.o(i.QueueLength), (6 bytes).
    Removing uart1.o(i.EnableUARTTx), (28 bytes).
    Removing uart1.o(i.ReadUART1), (20 bytes).
    Removing uart1.o(i.WriteUART1), (40 bytes).
    Removing misc.o(i.NVIC_SetVectorTable), (20 bytes).
    Removing misc.o(i.NVIC_SystemLPConfig), (28 bytes).
    Removing misc.o(i.SysTick_CLKSourceConfig), (28 bytes).
    Removing stm32f10x_flash.o(i.FLASH_ClearFlag), (12 bytes).
    Removing stm32f10x_flash.o(i.FLASH_EnableWriteProtection), (172 bytes).
    Removing stm32f10x_flash.o(i.FLASH_EraseAllBank1Pages), (56 bytes).
    Removing stm32f10x_flash.o(i.FLASH_EraseAllPages), (56 bytes).
    Removing stm32f10x_flash.o(i.FLASH_EraseOptionBytes), (136 bytes).
    Removing stm32f10x_flash.o(i.FLASH_ErasePage), (60 bytes).
    Removing stm32f10x_flash.o(i.FLASH_GetBank1Status), (40 bytes).
    Removing stm32f10x_flash.o(i.FLASH_GetFlagStatus), (36 bytes).
    Removing stm32f10x_flash.o(i.FLASH_GetPrefetchBufferStatus), (20 bytes).
    Removing stm32f10x_flash.o(i.FLASH_GetReadOutProtectionStatus), (20 bytes).
    Removing stm32f10x_flash.o(i.FLASH_GetStatus), (40 bytes).
    Removing stm32f10x_flash.o(i.FLASH_GetUserOptionByte), (12 bytes).
    Removing stm32f10x_flash.o(i.FLASH_GetWriteProtectionOptionByte), (12 bytes).
    Removing stm32f10x_flash.o(i.FLASH_HalfCycleAccessCmd), (24 bytes).
    Removing stm32f10x_flash.o(i.FLASH_ITConfig), (28 bytes).
    Removing stm32f10x_flash.o(i.FLASH_Lock), (16 bytes).
    Removing stm32f10x_flash.o(i.FLASH_LockBank1), (16 bytes).
    Removing stm32f10x_flash.o(i.FLASH_ProgramHalfWord), (52 bytes).
    Removing stm32f10x_flash.o(i.FLASH_ProgramOptionByteData), (76 bytes).
    Removing stm32f10x_flash.o(i.FLASH_ProgramWord), (92 bytes).
    Removing stm32f10x_flash.o(i.FLASH_ReadOutProtection), (136 bytes).
    Removing stm32f10x_flash.o(i.FLASH_Unlock), (24 bytes).
    Removing stm32f10x_flash.o(i.FLASH_UnlockBank1), (24 bytes).
    Removing stm32f10x_flash.o(i.FLASH_UserOptionByteConfig), (96 bytes).
    Removing stm32f10x_flash.o(i.FLASH_WaitForLastBank1Operation), (32 bytes).
    Removing stm32f10x_flash.o(i.FLASH_WaitForLastOperation), (32 bytes).
    Removing stm32f10x_gpio.o(i.GPIO_AFIODeInit), (22 bytes).
    Removing stm32f10x_gpio.o(i.GPIO_DeInit), (216 bytes).
    Removing stm32f10x_gpio.o(i.GPIO_ETH_MediaInterfaceConfig), (12 bytes).
    Removing stm32f10x_gpio.o(i.GPIO_EXTILineConfig), (40 bytes).
    Removing stm32f10x_gpio.o(i.GPIO_EventOutputCmd), (12 bytes).
    Removing stm32f10x_gpio.o(i.GPIO_EventOutputConfig), (28 bytes).
    Removing stm32f10x_gpio.o(i.GPIO_PinLockConfig), (16 bytes).
    Removing stm32f10x_gpio.o(i.GPIO_PinRemapConfig), (92 bytes).
    Removing stm32f10x_gpio.o(i.GPIO_ReadInputData), (6 bytes).
    Removing stm32f10x_gpio.o(i.GPIO_ReadOutputData), (6 bytes).
    Removing stm32f10x_gpio.o(i.GPIO_ReadOutputDataBit), (14 bytes).
    Removing stm32f10x_gpio.o(i.GPIO_StructInit), (16 bytes).
    Removing stm32f10x_gpio.o(i.GPIO_Write), (4 bytes).
    Removing stm32f10x_rcc.o(i.RCC_ADCCLKConfig), (20 bytes).
    Removing stm32f10x_rcc.o(i.RCC_AHBPeriphClockCmd), (28 bytes).
    Removing stm32f10x_rcc.o(i.RCC_APB1PeriphResetCmd), (28 bytes).
    Removing stm32f10x_rcc.o(i.RCC_APB2PeriphResetCmd), (28 bytes).
    Removing stm32f10x_rcc.o(i.RCC_AdjustHSICalibrationValue), (20 bytes).
    Removing stm32f10x_rcc.o(i.RCC_BackupResetCmd), (12 bytes).
    Removing stm32f10x_rcc.o(i.RCC_ClearFlag), (16 bytes).
    Removing stm32f10x_rcc.o(i.RCC_ClearITPendingBit), (12 bytes).
    Removing stm32f10x_rcc.o(i.RCC_ClockSecuritySystemCmd), (12 bytes).
    Removing stm32f10x_rcc.o(i.RCC_GetITStatus), (20 bytes).
    Removing stm32f10x_rcc.o(i.RCC_HSICmd), (12 bytes).
    Removing stm32f10x_rcc.o(i.RCC_ITConfig), (28 bytes).
    Removing stm32f10x_rcc.o(i.RCC_LSEConfig), (40 bytes).
    Removing stm32f10x_rcc.o(i.RCC_LSICmd), (12 bytes).
    Removing stm32f10x_rcc.o(i.RCC_MCOConfig), (12 bytes).
    Removing stm32f10x_rcc.o(i.RCC_RTCCLKCmd), (12 bytes).
    Removing stm32f10x_rcc.o(i.RCC_RTCCLKConfig), (16 bytes).
    Removing stm32f10x_rcc.o(i.RCC_USBCLKConfig), (12 bytes).
    Removing stm32f10x_tim.o(i.TI1_Config), (116 bytes).
    Removing stm32f10x_tim.o(i.TI2_Config), (124 bytes).
    Removing stm32f10x_tim.o(i.TI3_Config), (120 bytes).
    Removing stm32f10x_tim.o(i.TI4_Config), (124 bytes).
    Removing stm32f10x_tim.o(i.TIM_ARRPreloadConfig), (24 bytes).
    Removing stm32f10x_tim.o(i.TIM_BDTRConfig), (34 bytes).
    Removing stm32f10x_tim.o(i.TIM_BDTRStructInit), (18 bytes).
    Removing stm32f10x_tim.o(i.TIM_CCPreloadControl), (24 bytes).
    Removing stm32f10x_tim.o(i.TIM_CCxCmd), (22 bytes).
    Removing stm32f10x_tim.o(i.TIM_CCxNCmd), (22 bytes).
    Removing stm32f10x_tim.o(i.TIM_ClearFlag), (6 bytes).
    Removing stm32f10x_tim.o(i.TIM_ClearOC1Ref), (12 bytes).
    Removing stm32f10x_tim.o(i.TIM_ClearOC2Ref), (20 bytes).
    Removing stm32f10x_tim.o(i.TIM_ClearOC3Ref), (12 bytes).
    Removing stm32f10x_tim.o(i.TIM_ClearOC4Ref), (20 bytes).
    Removing stm32f10x_tim.o(i.TIM_CounterModeConfig), (12 bytes).
    Removing stm32f10x_tim.o(i.TIM_CtrlPWMOutputs), (28 bytes).
    Removing stm32f10x_tim.o(i.TIM_DMACmd), (20 bytes).
    Removing stm32f10x_tim.o(i.TIM_DMAConfig), (8 bytes).
    Removing stm32f10x_tim.o(i.TIM_DeInit), (528 bytes).
    Removing stm32f10x_tim.o(i.TIM_ETRClockMode1Config), (32 bytes).
    Removing stm32f10x_tim.o(i.TIM_ETRClockMode2Config), (20 bytes).
    Removing stm32f10x_tim.o(i.TIM_ETRConfig), (24 bytes).
    Removing stm32f10x_tim.o(i.TIM_EncoderInterfaceConfig), (50 bytes).
    Removing stm32f10x_tim.o(i.TIM_ForcedOC1Config), (12 bytes).
    Removing stm32f10x_tim.o(i.TIM_ForcedOC2Config), (20 bytes).
    Removing stm32f10x_tim.o(i.TIM_ForcedOC3Config), (12 bytes).
    Removing stm32f10x_tim.o(i.TIM_ForcedOC4Config), (20 bytes).
    Removing stm32f10x_tim.o(i.TIM_GenerateEvent), (4 bytes).
    Removing stm32f10x_tim.o(i.TIM_GetCapture1), (4 bytes).
    Removing stm32f10x_tim.o(i.TIM_GetCapture2), (4 bytes).
    Removing stm32f10x_tim.o(i.TIM_GetCapture3), (4 bytes).
    Removing stm32f10x_tim.o(i.TIM_GetCapture4), (6 bytes).
    Removing stm32f10x_tim.o(i.TIM_GetCounter), (4 bytes).
    Removing stm32f10x_tim.o(i.TIM_GetFlagStatus), (14 bytes).
    Removing stm32f10x_tim.o(i.TIM_GetPrescaler), (4 bytes).
    Removing stm32f10x_tim.o(i.TIM_ICInit), (140 bytes).
    Removing stm32f10x_tim.o(i.TIM_ICStructInit), (16 bytes).
    Removing stm32f10x_tim.o(i.TIM_ITRxExternalClockConfig), (20 bytes).
    Removing stm32f10x_tim.o(i.TIM_InternalClockConfig), (10 bytes).
    Removing stm32f10x_tim.o(i.TIM_OC1FastConfig), (12 bytes).
    Removing stm32f10x_tim.o(i.TIM_OC1Init), (136 bytes).
    Removing stm32f10x_tim.o(i.TIM_OC1NPolarityConfig), (12 bytes).
    Removing stm32f10x_tim.o(i.TIM_OC1PolarityConfig), (12 bytes).
    Removing stm32f10x_tim.o(i.TIM_OC1PreloadConfig), (12 bytes).
    Removing stm32f10x_tim.o(i.TIM_OC2FastConfig), (20 bytes).
    Removing stm32f10x_tim.o(i.TIM_OC2Init), (136 bytes).
    Removing stm32f10x_tim.o(i.TIM_OC2NPolarityConfig), (20 bytes).
    Removing stm32f10x_tim.o(i.TIM_OC2PolarityConfig), (20 bytes).
    Removing stm32f10x_tim.o(i.TIM_OC2PreloadConfig), (20 bytes).
    Removing stm32f10x_tim.o(i.TIM_OC3FastConfig), (12 bytes).
    Removing stm32f10x_tim.o(i.TIM_OC3Init), (132 bytes).
    Removing stm32f10x_tim.o(i.TIM_OC3NPolarityConfig), (20 bytes).
    Removing stm32f10x_tim.o(i.TIM_OC3PolarityConfig), (20 bytes).
    Removing stm32f10x_tim.o(i.TIM_OC3PreloadConfig), (12 bytes).
    Removing stm32f10x_tim.o(i.TIM_OC4FastConfig), (20 bytes).
    Removing stm32f10x_tim.o(i.TIM_OC4Init), (104 bytes).
    Removing stm32f10x_tim.o(i.TIM_OC4PolarityConfig), (20 bytes).
    Removing stm32f10x_tim.o(i.TIM_OC4PreloadConfig), (20 bytes).
    Removing stm32f10x_tim.o(i.TIM_OCStructInit), (20 bytes).
    Removing stm32f10x_tim.o(i.TIM_PWMIConfig), (110 bytes).
    Removing stm32f10x_tim.o(i.TIM_PrescalerConfig), (6 bytes).
    Removing stm32f10x_tim.o(i.TIM_SelectCCDMA), (24 bytes).
    Removing stm32f10x_tim.o(i.TIM_SelectCOM), (24 bytes).
    Removing stm32f10x_tim.o(i.TIM_SelectHallSensor), (24 bytes).
    Removing stm32f10x_tim.o(i.TIM_SelectInputTrigger), (12 bytes).
    Removing stm32f10x_tim.o(i.TIM_SelectMasterSlaveMode), (16 bytes).
    Removing stm32f10x_tim.o(i.TIM_SelectOCxM), (76 bytes).
    Removing stm32f10x_tim.o(i.TIM_SelectOnePulseMode), (16 bytes).
    Removing stm32f10x_tim.o(i.TIM_SelectOutputTrigger), (16 bytes).
    Removing stm32f10x_tim.o(i.TIM_SelectSlaveMode), (16 bytes).
    Removing stm32f10x_tim.o(i.TIM_SetAutoreload), (4 bytes).
    Removing stm32f10x_tim.o(i.TIM_SetClockDivision), (16 bytes).
    Removing stm32f10x_tim.o(i.TIM_SetCompare1), (4 bytes).
    Removing stm32f10x_tim.o(i.TIM_SetCompare2), (4 bytes).
    Removing stm32f10x_tim.o(i.TIM_SetCompare3), (4 bytes).
    Removing stm32f10x_tim.o(i.TIM_SetCompare4), (6 bytes).
    Removing stm32f10x_tim.o(i.TIM_SetCounter), (4 bytes).
    Removing stm32f10x_tim.o(i.TIM_SetIC1Prescaler), (16 bytes).
    Removing stm32f10x_tim.o(i.TIM_SetIC2Prescaler), (24 bytes).
    Removing stm32f10x_tim.o(i.TIM_SetIC3Prescaler), (16 bytes).
    Removing stm32f10x_tim.o(i.TIM_SetIC4Prescaler), (24 bytes).
    Removing stm32f10x_tim.o(i.TIM_TIxExternalClockConfig), (48 bytes).
    Removing stm32f10x_tim.o(i.TIM_TimeBaseStructInit), (18 bytes).
    Removing stm32f10x_tim.o(i.TIM_UpdateDisableConfig), (24 bytes).
    Removing stm32f10x_tim.o(i.TIM_UpdateRequestConfig), (24 bytes).
    Removing stm32f10x_usart.o(i.USART_ClockInit), (30 bytes).
    Removing stm32f10x_usart.o(i.USART_ClockStructInit), (12 bytes).
    Removing stm32f10x_usart.o(i.USART_DMACmd), (20 bytes).
    Removing stm32f10x_usart.o(i.USART_DeInit), (164 bytes).
    Removing stm32f10x_usart.o(i.USART_HalfDuplexCmd), (24 bytes).
    Removing stm32f10x_usart.o(i.USART_IrDACmd), (24 bytes).
    Removing stm32f10x_usart.o(i.USART_IrDAConfig), (16 bytes).
    Removing stm32f10x_usart.o(i.USART_LINBreakDetectLengthConfig), (16 bytes).
    Removing stm32f10x_usart.o(i.USART_LINCmd), (24 bytes).
    Removing stm32f10x_usart.o(i.USART_OneBitMethodCmd), (24 bytes).
    Removing stm32f10x_usart.o(i.USART_OverSampling8Cmd), (24 bytes).
    Removing stm32f10x_usart.o(i.USART_ReceiverWakeUpCmd), (24 bytes).
    Removing stm32f10x_usart.o(i.USART_SendBreak), (10 bytes).
    Removing stm32f10x_usart.o(i.USART_SetAddress), (16 bytes).
    Removing stm32f10x_usart.o(i.USART_SetGuardTime), (16 bytes).
    Removing stm32f10x_usart.o(i.USART_SetPrescaler), (16 bytes).
    Removing stm32f10x_usart.o(i.USART_SmartCardCmd), (24 bytes).
    Removing stm32f10x_usart.o(i.USART_SmartCardNACKCmd), (24 bytes).
    Removing stm32f10x_usart.o(i.USART_WakeUpConfig), (16 bytes).
    Removing systick.o(i.DelayNus), (24 bytes).
    Removing system_stm32f10x.o(i.SystemCoreClockUpdate), (124 bytes).
    Removing startup_stm32f10x_hd.o(HEAP), (512 bytes).
    Removing dadd.o(.text), (334 bytes).
    Removing dmul.o(.text), (228 bytes).
    Removing ddiv.o(.text), (222 bytes).
    Removing dfixul.o(.text), (48 bytes).
    Removing cdrcmple.o(.text), (48 bytes).
    Removing depilogue.o(.text), (186 bytes).

186 unused section(s) (total 7990 bytes) removed from the image.

==============================================================================

Image Symbol Table

    Local Symbols

    Symbol Name                              Value     Ov Type        Size  Object(Section)

    ../clib/microlib/division.c              0x00000000   Number         0  uidiv.o ABSOLUTE
    ../clib/microlib/division.c              0x00000000   Number         0  uldiv.o ABSOLUTE
    ../clib/microlib/init/entry.s            0x00000000   Number         0  entry9a.o ABSOLUTE
    ../clib/microlib/init/entry.s            0x00000000   Number         0  entry5.o ABSOLUTE
    ../clib/microlib/init/entry.s            0x00000000   Number         0  entry7a.o ABSOLUTE
    ../clib/microlib/init/entry.s            0x00000000   Number         0  entry8b.o ABSOLUTE
    ../clib/microlib/init/entry.s            0x00000000   Number         0  entry7b.o ABSOLUTE
    ../clib/microlib/init/entry.s            0x00000000   Number         0  entry8a.o ABSOLUTE
    ../clib/microlib/init/entry.s            0x00000000   Number         0  entry2.o ABSOLUTE
    ../clib/microlib/init/entry.s            0x00000000   Number         0  entry11a.o ABSOLUTE
    ../clib/microlib/init/entry.s            0x00000000   Number         0  entry10a.o ABSOLUTE
    ../clib/microlib/init/entry.s            0x00000000   Number         0  entry.o ABSOLUTE
    ../clib/microlib/init/entry.s            0x00000000   Number         0  entry9b.o ABSOLUTE
    ../clib/microlib/init/entry.s            0x00000000   Number         0  entry10b.o ABSOLUTE
    ../clib/microlib/init/entry.s            0x00000000   Number         0  entry11b.o ABSOLUTE
    ../clib/microlib/init/entry.s            0x00000000   Number         0  entry12a.o ABSOLUTE
    ../clib/microlib/init/entry.s            0x00000000   Number         0  entry12b.o ABSOLUTE
    ../clib/microlib/longlong.c              0x00000000   Number         0  llushr.o ABSOLUTE
    ../clib/microlib/longlong.c              0x00000000   Number         0  llsshr.o ABSOLUTE
    ../clib/microlib/longlong.c              0x00000000   Number         0  llshl.o ABSOLUTE
    ../clib/microlib/printf/printf.c         0x00000000   Number         0  printf2.o ABSOLUTE
    ../clib/microlib/printf/printf.c         0x00000000   Number         0  printf0.o ABSOLUTE
    ../clib/microlib/printf/printf.c         0x00000000   Number         0  printfb.o ABSOLUTE
    ../clib/microlib/printf/printf.c         0x00000000   Number         0  printf1.o ABSOLUTE
    ../clib/microlib/printf/printf.c         0x00000000   Number         0  printf7.o ABSOLUTE
    ../clib/microlib/printf/printf.c         0x00000000   Number         0  printfa.o ABSOLUTE
    ../clib/microlib/printf/printf.c         0x00000000   Number         0  printf8.o ABSOLUTE
    ../clib/microlib/printf/printf.c         0x00000000   Number         0  printf6.o ABSOLUTE
    ../clib/microlib/printf/printf.c         0x00000000   Number         0  printf5.o ABSOLUTE
    ../clib/microlib/printf/printf.c         0x00000000   Number         0  printf4.o ABSOLUTE
    ../clib/microlib/printf/printf.c         0x00000000   Number         0  printf3.o ABSOLUTE
    ../clib/microlib/printf/stubs.s          0x00000000   Number         0  stubs.o ABSOLUTE
    ../clib/microlib/stdio/streams.c         0x00000000   Number         0  stdout.o ABSOLUTE
    ../clib/microlib/stubs.s                 0x00000000   Number         0  iusefp.o ABSOLUTE
    ../fplib/microlib/fpadd.c                0x00000000   Number         0  dadd.o ABSOLUTE
    ../fplib/microlib/fpdiv.c                0x00000000   Number         0  ddiv.o ABSOLUTE
    ../fplib/microlib/fpepilogue.c           0x00000000   Number         0  depilogue.o ABSOLUTE
    ../fplib/microlib/fpfix.c                0x00000000   Number         0  dfixul.o ABSOLUTE
    ../fplib/microlib/fpmul.c                0x00000000   Number         0  dmul.o ABSOLUTE
    ..\ARM\NVIC\NVIC.c                       0x00000000   Number         0  nvic.o ABSOLUTE
    ..\ARM\SysTick\SysTick.c                 0x00000000   Number         0  systick.o ABSOLUTE
    ..\ARM\System\startup_stm32f10x_hd.s     0x00000000   Number         0  startup_stm32f10x_hd.o ABSOLUTE
    ..\ARM\System\stm32f10x_it.c             0x00000000   Number         0  stm32f10x_it.o ABSOLUTE
    ..\ARM\System\system_stm32f10x.c         0x00000000   Number         0  system_stm32f10x.o ABSOLUTE
    ..\App\KeyOne\KeyOne.c                   0x00000000   Number         0  keyone.o ABSOLUTE
    ..\App\KeyOne\ProcKeyOne.c               0x00000000   Number         0  prockeyone.o ABSOLUTE
    ..\App\LED\LED.c                         0x00000000   Number         0  led.o ABSOLUTE
    ..\App\Main\Main.c                       0x00000000   Number         0  main.o ABSOLUTE
    ..\App\OLED\OLED.c                       0x00000000   Number         0  oled.o ABSOLUTE
    ..\FW\src\misc.c                         0x00000000   Number         0  misc.o ABSOLUTE
    ..\FW\src\stm32f10x_flash.c              0x00000000   Number         0  stm32f10x_flash.o ABSOLUTE
    ..\FW\src\stm32f10x_gpio.c               0x00000000   Number         0  stm32f10x_gpio.o ABSOLUTE
    ..\FW\src\stm32f10x_rcc.c                0x00000000   Number         0  stm32f10x_rcc.o ABSOLUTE
    ..\FW\src\stm32f10x_tim.c                0x00000000   Number         0  stm32f10x_tim.o ABSOLUTE
    ..\FW\src\stm32f10x_usart.c              0x00000000   Number         0  stm32f10x_usart.o ABSOLUTE
    ..\HW\RCC\RCC.c                          0x00000000   Number         0  rcc.o ABSOLUTE
    ..\HW\Timer\Timer.c                      0x00000000   Number         0  timer.o ABSOLUTE
    ..\HW\UART1\Queue.c                      0x00000000   Number         0  queue.o ABSOLUTE
    ..\HW\UART1\UART1.c                      0x00000000   Number         0  uart1.o ABSOLUTE
    cdrcmple.s                               0x00000000   Number         0  cdrcmple.o ABSOLUTE
    dc.s                                     0x00000000   Number         0  dc.o ABSOLUTE
    handlers.s                               0x00000000   Number         0  handlers.o ABSOLUTE
    init.s                                   0x00000000   Number         0  init.o ABSOLUTE
    RESET                                    0x08000000   Section      304  startup_stm32f10x_hd.o(RESET)
    .ARM.Collect$$$$00000000                 0x08000130   Section        0  entry.o(.ARM.Collect$$$$00000000)
    .ARM.Collect$$$$00000001                 0x08000130   Section        4  entry2.o(.ARM.Collect$$$$00000001)
    .ARM.Collect$$$$00000004                 0x08000134   Section        4  entry5.o(.ARM.Collect$$$$00000004)
    .ARM.Collect$$$$00000008                 0x08000138   Section        0  entry7b.o(.ARM.Collect$$$$00000008)
    .ARM.Collect$$$$0000000A                 0x08000138   Section        0  entry8b.o(.ARM.Collect$$$$0000000A)
    .ARM.Collect$$$$0000000B                 0x08000138   Section        8  entry9a.o(.ARM.Collect$$$$0000000B)
    .ARM.Collect$$$$0000000E                 0x08000140   Section        4  entry12b.o(.ARM.Collect$$$$0000000E)
    .ARM.Collect$$$$0000000F                 0x08000144   Section        0  entry10a.o(.ARM.Collect$$$$0000000F)
    .ARM.Collect$$$$00000011                 0x08000144   Section        0  entry11a.o(.ARM.Collect$$$$00000011)
    .ARM.Collect$$$$00002712                 0x08000144   Section        4  entry2.o(.ARM.Collect$$$$00002712)
    __lit__00000000                          0x08000144   Data           4  entry2.o(.ARM.Collect$$$$00002712)
    .text                                    0x08000148   Section       36  startup_stm32f10x_hd.o(.text)
    .text                                    0x0800016c   Section        0  uidiv.o(.text)
    .text                                    0x08000198   Section       36  init.o(.text)
    i.BusFault_Handler                       0x080001bc   Section        0  stm32f10x_it.o(i.BusFault_Handler)
    i.Clr1SecFlag                            0x080001c0   Section        0  timer.o(i.Clr1SecFlag)
    i.Clr2msFlag                             0x080001cc   Section        0  timer.o(i.Clr2msFlag)
    i.ConfigKeyOneGPIO                       0x080001d8   Section        0  keyone.o(i.ConfigKeyOneGPIO)
    ConfigKeyOneGPIO                         0x080001d9   Thumb Code    78  keyone.o(i.ConfigKeyOneGPIO)
    i.ConfigLEDGPIO                          0x08000230   Section        0  led.o(i.ConfigLEDGPIO)
    ConfigLEDGPIO                            0x08000231   Thumb Code    80  led.o(i.ConfigLEDGPIO)
    i.ConfigNVIC                             0x08000284   Section        0  nvic.o(i.ConfigNVIC)
    ConfigNVIC                               0x08000285   Thumb Code     8  nvic.o(i.ConfigNVIC)
    i.ConfigOLEDGPIO                         0x0800028c   Section        0  oled.o(i.ConfigOLEDGPIO)
    ConfigOLEDGPIO                           0x0800028d   Thumb Code   180  oled.o(i.ConfigOLEDGPIO)
    i.ConfigOLEDReg                          0x08000348   Section        0  oled.o(i.ConfigOLEDReg)
    ConfigOLEDReg                            0x08000349   Thumb Code   206  oled.o(i.ConfigOLEDReg)
    i.ConfigRCC                              0x08000416   Section        0  rcc.o(i.ConfigRCC)
    ConfigRCC                                0x08000417   Thumb Code    96  rcc.o(i.ConfigRCC)
    i.ConfigTimer2                           0x08000476   Section        0  timer.o(i.ConfigTimer2)
    ConfigTimer2                             0x08000477   Thumb Code    92  timer.o(i.ConfigTimer2)
    i.ConfigTimer5                           0x080004d4   Section        0  timer.o(i.ConfigTimer5)
    ConfigTimer5                             0x080004d5   Thumb Code    90  timer.o(i.ConfigTimer5)
    i.ConfigUART                             0x08000534   Section        0  uart1.o(i.ConfigUART)
    ConfigUART                               0x08000535   Thumb Code   180  uart1.o(i.ConfigUART)
    i.DeQueue                                0x080005f4   Section        0  queue.o(i.DeQueue)
    i.DebugMon_Handler                       0x08000632   Section        0  stm32f10x_it.o(i.DebugMon_Handler)
    i.DelayNms                               0x08000634   Section        0  systick.o(i.DelayNms)
    i.EnQueue                                0x08000648   Section        0  queue.o(i.EnQueue)
    i.FLASH_PrefetchBufferCmd                0x0800068c   Section        0  stm32f10x_flash.o(i.FLASH_PrefetchBufferCmd)
    i.FLASH_SetLatency                       0x080006a4   Section        0  stm32f10x_flash.o(i.FLASH_SetLatency)
    i.GPIO_Init                              0x080006b8   Section        0  stm32f10x_gpio.o(i.GPIO_Init)
    i.GPIO_ReadInputDataBit                  0x0800075e   Section        0  stm32f10x_gpio.o(i.GPIO_ReadInputDataBit)
    i.GPIO_ResetBits                         0x0800076c   Section        0  stm32f10x_gpio.o(i.GPIO_ResetBits)
    i.GPIO_SetBits                           0x08000770   Section        0  stm32f10x_gpio.o(i.GPIO_SetBits)
    i.GPIO_WriteBit                          0x08000774   Section        0  stm32f10x_gpio.o(i.GPIO_WriteBit)
    i.Get1SecFlag                            0x08000780   Section        0  timer.o(i.Get1SecFlag)
    i.Get2msFlag                             0x0800078c   Section        0  timer.o(i.Get2msFlag)
    i.HardFault_Handler                      0x08000798   Section        0  stm32f10x_it.o(i.HardFault_Handler)
    i.InitHardware                           0x0800079a   Section        0  main.o(i.InitHardware)
    InitHardware                             0x0800079b   Thumb Code    50  main.o(i.InitHardware)
    i.InitKeyOne                             0x080007cc   Section        0  keyone.o(i.InitKeyOne)
    i.InitLED                                0x080007e4   Section        0  led.o(i.InitLED)
    i.InitNVIC                               0x080007e8   Section        0  nvic.o(i.InitNVIC)
    i.InitOLED                               0x080007ec   Section        0  oled.o(i.InitOLED)
    i.InitProcKeyOne                         0x08000824   Section        0  prockeyone.o(i.InitProcKeyOne)
    i.InitQueue                              0x08000826   Section        0  queue.o(i.InitQueue)
    i.InitRCC                                0x08000846   Section        0  rcc.o(i.InitRCC)
    i.InitSoftware                           0x0800084a   Section        0  main.o(i.InitSoftware)
    InitSoftware                             0x0800084b   Thumb Code     2  main.o(i.InitSoftware)
    i.InitSysTick                            0x0800084c   Section        0  systick.o(i.InitSysTick)
    i.InitTimer                              0x08000890   Section        0  timer.o(i.InitTimer)
    i.InitUART1                              0x080008aa   Section        0  uart1.o(i.InitUART1)
    i.InitUARTBuf                            0x080008bc   Section        0  uart1.o(i.InitUARTBuf)
    InitUARTBuf                              0x080008bd   Thumb Code    54  uart1.o(i.InitUARTBuf)
    i.MemManage_Handler                      0x080008f8   Section        0  stm32f10x_it.o(i.MemManage_Handler)
    i.NMI_Handler                            0x080008fa   Section        0  stm32f10x_it.o(i.NMI_Handler)
    i.NVIC_ClearPendingIRQ                   0x080008fc   Section        0  uart1.o(i.NVIC_ClearPendingIRQ)
    NVIC_ClearPendingIRQ                     0x080008fd   Thumb Code    22  uart1.o(i.NVIC_ClearPendingIRQ)
    i.NVIC_Init                              0x08000914   Section        0  misc.o(i.NVIC_Init)
    i.NVIC_PriorityGroupConfig               0x08000978   Section        0  misc.o(i.NVIC_PriorityGroupConfig)
    i.OLEDClear                              0x0800098c   Section        0  oled.o(i.OLEDClear)
    i.OLEDDrawPoint                          0x080009b8   Section        0  oled.o(i.OLEDDrawPoint)
    OLEDDrawPoint                            0x080009b9   Thumb Code    56  oled.o(i.OLEDDrawPoint)
    i.OLEDRefreshGRAM                        0x080009f4   Section        0  oled.o(i.OLEDRefreshGRAM)
    i.OLEDShowChar                           0x08000a3c   Section        0  oled.o(i.OLEDShowChar)
    i.OLEDShowStringBySize                   0x08000acc   Section        0  oled.o(i.OLEDShowStringBySize)
    i.OLEDWriteByte                          0x08000b20   Section        0  oled.o(i.OLEDWriteByte)
    OLEDWriteByte                            0x08000b21   Thumb Code   130  oled.o(i.OLEDWriteByte)
    i.PendSV_Handler                         0x08000bac   Section        0  stm32f10x_it.o(i.PendSV_Handler)
    i.Proc1SecTask                           0x08000bae   Section        0  main.o(i.Proc1SecTask)
    Proc1SecTask                             0x08000baf   Thumb Code    20  main.o(i.Proc1SecTask)
    i.Proc2msTask                            0x08000bc2   Section        0  main.o(i.Proc2msTask)
    Proc2msTask                              0x08000bc3   Thumb Code    34  main.o(i.Proc2msTask)
    i.ProcKeyDownKey1                        0x08000be4   Section        0  main.o(i.ProcKeyDownKey1)
    ProcKeyDownKey1                          0x08000be5   Thumb Code     2  main.o(i.ProcKeyDownKey1)
    i.ProcKeyDownKey2                        0x08000be6   Section        0  main.o(i.ProcKeyDownKey2)
    ProcKeyDownKey2                          0x08000be7   Thumb Code     2  main.o(i.ProcKeyDownKey2)
    i.ProcKeyDownKey3                        0x08000be8   Section        0  main.o(i.ProcKeyDownKey3)
    ProcKeyDownKey3                          0x08000be9   Thumb Code     2  main.o(i.ProcKeyDownKey3)
    i.ProcKeyLongDownKey                     0x08000bec   Section        0  main.o(i.ProcKeyLongDownKey)
    ProcKeyLongDownKey                       0x08000bed   Thumb Code    30  main.o(i.ProcKeyLongDownKey)
    i.ProcKeyUpKey1                          0x08000c18   Section        0  main.o(i.ProcKeyUpKey1)
    ProcKeyUpKey1                            0x08000c19   Thumb Code     2  main.o(i.ProcKeyUpKey1)
    i.ProcKeyUpKey2                          0x08000c1a   Section        0  main.o(i.ProcKeyUpKey2)
    ProcKeyUpKey2                            0x08000c1b   Thumb Code     2  main.o(i.ProcKeyUpKey2)
    i.ProcKeyUpKey3                          0x08000c1c   Section        0  main.o(i.ProcKeyUpKey3)
    ProcKeyUpKey3                            0x08000c1d   Thumb Code     2  main.o(i.ProcKeyUpKey3)
    i.QueueEmpty                             0x08000c1e   Section        0  queue.o(i.QueueEmpty)
    i.RCC_APB1PeriphClockCmd                 0x08000c2c   Section        0  stm32f10x_rcc.o(i.RCC_APB1PeriphClockCmd)
    i.RCC_APB2PeriphClockCmd                 0x08000c48   Section        0  stm32f10x_rcc.o(i.RCC_APB2PeriphClockCmd)
    i.RCC_DeInit                             0x08000c64   Section        0  stm32f10x_rcc.o(i.RCC_DeInit)
    i.RCC_GetClocksFreq                      0x08000ca4   Section        0  stm32f10x_rcc.o(i.RCC_GetClocksFreq)
    i.RCC_GetFlagStatus                      0x08000d50   Section        0  stm32f10x_rcc.o(i.RCC_GetFlagStatus)
    i.RCC_GetSYSCLKSource                    0x08000d80   Section        0  stm32f10x_rcc.o(i.RCC_GetSYSCLKSource)
    i.RCC_HCLKConfig                         0x08000d90   Section        0  stm32f10x_rcc.o(i.RCC_HCLKConfig)
    i.RCC_HSEConfig                          0x08000da4   Section        0  stm32f10x_rcc.o(i.RCC_HSEConfig)
    i.RCC_PCLK1Config                        0x08000ddc   Section        0  stm32f10x_rcc.o(i.RCC_PCLK1Config)
    i.RCC_PCLK2Config                        0x08000df0   Section        0  stm32f10x_rcc.o(i.RCC_PCLK2Config)
    i.RCC_PLLCmd                             0x08000e04   Section        0  stm32f10x_rcc.o(i.RCC_PLLCmd)
    i.RCC_PLLConfig                          0x08000e10   Section        0  stm32f10x_rcc.o(i.RCC_PLLConfig)
    i.RCC_SYSCLKConfig                       0x08000e24   Section        0  stm32f10x_rcc.o(i.RCC_SYSCLKConfig)
    i.RCC_WaitForHSEStartUp                  0x08000e38   Section        0  stm32f10x_rcc.o(i.RCC_WaitForHSEStartUp)
    i.ReadSendBuf                            0x08000e68   Section        0  uart1.o(i.ReadSendBuf)
    ReadSendBuf                              0x08000e69   Thumb Code    16  uart1.o(i.ReadSendBuf)
    i.SVC_Handler                            0x08000e7c   Section        0  stm32f10x_it.o(i.SVC_Handler)
    i.ScanKeyOne                             0x08000e80   Section        0  keyone.o(i.ScanKeyOne)
    i.SendCharUsedByFputc                    0x08000f58   Section        0  uart1.o(i.SendCharUsedByFputc)
    SendCharUsedByFputc                      0x08000f59   Thumb Code    26  uart1.o(i.SendCharUsedByFputc)
    i.SetSysClock                            0x08000f78   Section        0  system_stm32f10x.o(i.SetSysClock)
    SetSysClock                              0x08000f79   Thumb Code     4  system_stm32f10x.o(i.SetSysClock)
    i.SetSysClockTo72                        0x08000f7c   Section        0  system_stm32f10x.o(i.SetSysClockTo72)
    SetSysClockTo72                          0x08000f7d   Thumb Code   166  system_stm32f10x.o(i.SetSysClockTo72)
    i.SysTick_Handler                        0x0800102c   Section        0  systick.o(i.SysTick_Handler)
    i.SystemInit                             0x08001030   Section        0  system_stm32f10x.o(i.SystemInit)
    i.TIM2_IRQHandler                        0x08001080   Section        0  timer.o(i.TIM2_IRQHandler)
    i.TIM5_IRQHandler                        0x080010b4   Section        0  timer.o(i.TIM5_IRQHandler)
    i.TIM_ClearITPendingBit                  0x080010f0   Section        0  stm32f10x_tim.o(i.TIM_ClearITPendingBit)
    i.TIM_Cmd                                0x080010f6   Section        0  stm32f10x_tim.o(i.TIM_Cmd)
    i.TIM_GetITStatus                        0x0800110e   Section        0  stm32f10x_tim.o(i.TIM_GetITStatus)
    i.TIM_ITConfig                           0x08001126   Section        0  stm32f10x_tim.o(i.TIM_ITConfig)
    i.TIM_TimeBaseInit                       0x0800113c   Section        0  stm32f10x_tim.o(i.TIM_TimeBaseInit)
    i.TimDelayDec                            0x080011d8   Section        0  systick.o(i.TimDelayDec)
    TimDelayDec                              0x080011d9   Thumb Code    16  systick.o(i.TimDelayDec)
    i.USART1_IRQHandler                      0x080011ec   Section        0  uart1.o(i.USART1_IRQHandler)
    i.USART_ClearFlag                        0x08001284   Section        0  stm32f10x_usart.o(i.USART_ClearFlag)
    i.USART_ClearITPendingBit                0x0800128c   Section        0  stm32f10x_usart.o(i.USART_ClearITPendingBit)
    i.USART_Cmd                              0x0800129c   Section        0  stm32f10x_usart.o(i.USART_Cmd)
    i.USART_GetFlagStatus                    0x080012b4   Section        0  stm32f10x_usart.o(i.USART_GetFlagStatus)
    i.USART_GetITStatus                      0x080012c2   Section        0  stm32f10x_usart.o(i.USART_GetITStatus)
    i.USART_ITConfig                         0x08001302   Section        0  stm32f10x_usart.o(i.USART_ITConfig)
    i.USART_Init                             0x08001338   Section        0  stm32f10x_usart.o(i.USART_Init)
    i.USART_ReceiveData                      0x080013f4   Section        0  stm32f10x_usart.o(i.USART_ReceiveData)
    i.USART_SendData                         0x080013fc   Section        0  stm32f10x_usart.o(i.USART_SendData)
    i.USART_StructInit                       0x08001404   Section        0  stm32f10x_usart.o(i.USART_StructInit)
    i.UsageFault_Handler                     0x0800141a   Section        0  stm32f10x_it.o(i.UsageFault_Handler)
    i.WriteReceiveBuf                        0x0800141c   Section        0  uart1.o(i.WriteReceiveBuf)
    WriteReceiveBuf                          0x0800141d   Thumb Code    16  uart1.o(i.WriteReceiveBuf)
    i.__0printf$6                            0x08001430   Section        0  printf6.o(i.__0printf$6)
    i.__0sprintf$6                           0x08001450   Section        0  printf6.o(i.__0sprintf$6)
    i.__scatterload_copy                     0x08001478   Section       14  handlers.o(i.__scatterload_copy)
    i.__scatterload_null                     0x08001486   Section        2  handlers.o(i.__scatterload_null)
    i.__scatterload_zeroinit                 0x08001488   Section       14  handlers.o(i.__scatterload_zeroinit)
    i._printf_core                           0x08001498   Section        0  printf6.o(i._printf_core)
    _printf_core                             0x08001499   Thumb Code   748  printf6.o(i._printf_core)
    i._printf_post_padding                   0x08001788   Section        0  printf6.o(i._printf_post_padding)
    _printf_post_padding                     0x08001789   Thumb Code    36  printf6.o(i._printf_post_padding)
    i._printf_pre_padding                    0x080017ac   Section        0  printf6.o(i._printf_pre_padding)
    _printf_pre_padding                      0x080017ad   Thumb Code    46  printf6.o(i._printf_pre_padding)
    i._sputc                                 0x080017da   Section        0  printf6.o(i._sputc)
    _sputc                                   0x080017db   Thumb Code    10  printf6.o(i._sputc)
    i.clockPerTick                           0x080017e4   Section        0  main.o(i.clockPerTick)
    clockPerTick                             0x080017e5   Thumb Code   148  main.o(i.clockPerTick)
    i.fputc                                  0x0800187c   Section        0  uart1.o(i.fputc)
    i.handleCurrentDateStr                   0x0800188c   Section        0  main.o(i.handleCurrentDateStr)
    handleCurrentDateStr                     0x0800188d   Thumb Code    22  main.o(i.handleCurrentDateStr)
    i.handleCurrentTimeStr                   0x080018bc   Section        0  main.o(i.handleCurrentTimeStr)
    handleCurrentTimeStr                     0x080018bd   Thumb Code    22  main.o(i.handleCurrentTimeStr)
    i.handleKeys                             0x080018ec   Section        0  main.o(i.handleKeys)
    handleKeys                               0x080018ed   Thumb Code    60  main.o(i.handleKeys)
    i.main                                   0x08001948   Section        0  main.o(i.main)
    i.renderHomePage                         0x080019a0   Section        0  main.o(i.renderHomePage)
    renderHomePage                           0x080019a1   Thumb Code    44  main.o(i.renderHomePage)
    i.renderSettingsPage                     0x080019dc   Section        0  main.o(i.renderSettingsPage)
    renderSettingsPage                       0x080019dd   Thumb Code    42  main.o(i.renderSettingsPage)
    .constdata                               0x08001a28   Section     2660  oled.o(.constdata)
    .data                                    0x20000000   Section       14  main.o(.data)
    t                                        0x20000004   Data           1  main.o(.data)
    totalCount                               0x2000000c   Data           2  main.o(.data)
    .data                                    0x2000000e   Section       18  keyone.o(.data)
    s_arrKeyVal                              0x2000000e   Data           3  keyone.o(.data)
    s_arrKeyFlag                             0x20000011   Data           3  keyone.o(.data)
    longPressFlag                            0x20000014   Data           3  keyone.o(.data)
    s_arrKeyDownLevel                        0x20000017   Data           3  keyone.o(.data)
    pressTime                                0x2000001a   Data           6  keyone.o(.data)
    .data                                    0x20000020   Section        6  timer.o(.data)
    s_i2msFlag                               0x20000020   Data           1  timer.o(.data)
    s_i1secFlag                              0x20000021   Data           1  timer.o(.data)
    s_iCnt2                                  0x20000022   Data           2  timer.o(.data)
    s_iCnt1000                               0x20000024   Data           2  timer.o(.data)
    .data                                    0x20000026   Section        1  uart1.o(.data)
    s_iUARTTxSts                             0x20000026   Data           1  uart1.o(.data)
    .data                                    0x20000027   Section       20  stm32f10x_rcc.o(.data)
    ADCPrescTable                            0x20000027   Data           4  stm32f10x_rcc.o(.data)
    APBAHBPrescTable                         0x2000002b   Data          16  stm32f10x_rcc.o(.data)
    .data                                    0x2000003c   Section        4  systick.o(.data)
    s_iTimDelayCnt                           0x2000003c   Data           4  systick.o(.data)
    .data                                    0x20000040   Section       20  system_stm32f10x.o(.data)
    .data                                    0x20000054   Section        4  stdout.o(.data)
    .bss                                     0x20000058   Section       30  main.o(.bss)
    .bss                                     0x20000076   Section     1024  oled.o(.bss)
    s_arrOLEDGRAM                            0x20000076   Data        1024  oled.o(.bss)
    .bss                                     0x20000478   Section      224  uart1.o(.bss)
    s_structUARTSendCirQue                   0x20000478   Data          12  uart1.o(.bss)
    s_structUARTRecCirQue                    0x20000484   Data          12  uart1.o(.bss)
    s_arrSendBuf                             0x20000490   Data         100  uart1.o(.bss)
    s_arrRecBuf                              0x200004f4   Data         100  uart1.o(.bss)
    STACK                                    0x20000558   Section     1024  startup_stm32f10x_hd.o(STACK)

    Global Symbols

    Symbol Name                              Value     Ov Type        Size  Object(Section)

    BuildAttributes$$THM_ISAv4$P$D$K$B$S$PE$A:L22UL41UL21$X:L11$S22US41US21$IEEE1$IW$USESV6$~STKCKD$USESV7$~SHL$OSPACE$ROPI$EBA8$MICROLIB$REQ8$PRES8$EABIv2 0x00000000   Number         0  anon$$obj.o ABSOLUTE
    __ARM_use_no_argv                        0x00000000   Number         0  main.o ABSOLUTE
    _printf_a                                0x00000000   Number         0  stubs.o ABSOLUTE
    _printf_c                                0x00000000   Number         0  stubs.o ABSOLUTE
    _printf_charcount                        0x00000000   Number         0  stubs.o ABSOLUTE
    _printf_d                                0x00000000   Number         0  stubs.o ABSOLUTE
    _printf_e                                0x00000000   Number         0  stubs.o ABSOLUTE
    _printf_f                                0x00000000   Number         0  stubs.o ABSOLUTE
    _printf_flags                            0x00000000   Number         0  stubs.o ABSOLUTE
    _printf_fp_dec                           0x00000000   Number         0  stubs.o ABSOLUTE
    _printf_fp_hex                           0x00000000   Number         0  stubs.o ABSOLUTE
    _printf_g                                0x00000000   Number         0  stubs.o ABSOLUTE
    _printf_i                                0x00000000   Number         0  stubs.o ABSOLUTE
    _printf_int_dec                          0x00000000   Number         0  stubs.o ABSOLUTE
    _printf_l                                0x00000000   Number         0  stubs.o ABSOLUTE
    _printf_lc                               0x00000000   Number         0  stubs.o ABSOLUTE
    _printf_ll                               0x00000000   Number         0  stubs.o ABSOLUTE
    _printf_lld                              0x00000000   Number         0  stubs.o ABSOLUTE
    _printf_lli                              0x00000000   Number         0  stubs.o ABSOLUTE
    _printf_llo                              0x00000000   Number         0  stubs.o ABSOLUTE
    _printf_llu                              0x00000000   Number         0  stubs.o ABSOLUTE
    _printf_llx                              0x00000000   Number         0  stubs.o ABSOLUTE
    _printf_longlong_dec                     0x00000000   Number         0  stubs.o ABSOLUTE
    _printf_longlong_hex                     0x00000000   Number         0  stubs.o ABSOLUTE
    _printf_longlong_oct                     0x00000000   Number         0  stubs.o ABSOLUTE
    _printf_ls                               0x00000000   Number         0  stubs.o ABSOLUTE
    _printf_mbtowc                           0x00000000   Number         0  stubs.o ABSOLUTE
    _printf_n                                0x00000000   Number         0  stubs.o ABSOLUTE
    _printf_o                                0x00000000   Number         0  stubs.o ABSOLUTE
    _printf_p                                0x00000000   Number         0  stubs.o ABSOLUTE
    _printf_percent                          0x00000000   Number         0  stubs.o ABSOLUTE
    _printf_pre_padding                      0x00000000   Number         0  stubs.o ABSOLUTE
    _printf_return_value                     0x00000000   Number         0  stubs.o ABSOLUTE
    _printf_s                                0x00000000   Number         0  stubs.o ABSOLUTE
    _printf_sizespec                         0x00000000   Number         0  stubs.o ABSOLUTE
    _printf_str                              0x00000000   Number         0  stubs.o ABSOLUTE
    _printf_truncate_signed                  0x00000000   Number         0  stubs.o ABSOLUTE
    _printf_truncate_unsigned                0x00000000   Number         0  stubs.o ABSOLUTE
    _printf_u                                0x00000000   Number         0  stubs.o ABSOLUTE
    _printf_wc                               0x00000000   Number         0  stubs.o ABSOLUTE
    _printf_wctomb                           0x00000000   Number         0  stubs.o ABSOLUTE
    _printf_widthprec                        0x00000000   Number         0  stubs.o ABSOLUTE
    _printf_x                                0x00000000   Number         0  stubs.o ABSOLUTE
    __arm_fini_                               - Undefined Weak Reference
    __cpp_initialize__aeabi_                  - Undefined Weak Reference
    __cxa_finalize                            - Undefined Weak Reference
    __decompress                              - Undefined Weak Reference
    _clock_init                               - Undefined Weak Reference
    _microlib_exit                            - Undefined Weak Reference
    __Vectors_Size                           0x00000130   Number         0  startup_stm32f10x_hd.o ABSOLUTE
    __Vectors                                0x08000000   Data           4  startup_stm32f10x_hd.o(RESET)
    __Vectors_End                            0x08000130   Data           0  startup_stm32f10x_hd.o(RESET)
    __main                                   0x08000131   Thumb Code     0  entry.o(.ARM.Collect$$$$00000000)
    _main_stk                                0x08000131   Thumb Code     0  entry2.o(.ARM.Collect$$$$00000001)
    _main_scatterload                        0x08000135   Thumb Code     0  entry5.o(.ARM.Collect$$$$00000004)
    __main_after_scatterload                 0x08000139   Thumb Code     0  entry5.o(.ARM.Collect$$$$00000004)
    _main_clock                              0x08000139   Thumb Code     0  entry7b.o(.ARM.Collect$$$$00000008)
    _main_cpp_init                           0x08000139   Thumb Code     0  entry8b.o(.ARM.Collect$$$$0000000A)
    _main_init                               0x08000139   Thumb Code     0  entry9a.o(.ARM.Collect$$$$0000000B)
    __rt_lib_shutdown_fini                   0x08000141   Thumb Code     0  entry12b.o(.ARM.Collect$$$$0000000E)
    __rt_final_cpp                           0x08000145   Thumb Code     0  entry10a.o(.ARM.Collect$$$$0000000F)
    __rt_final_exit                          0x08000145   Thumb Code     0  entry11a.o(.ARM.Collect$$$$00000011)
    Reset_Handler                            0x08000149   Thumb Code     8  startup_stm32f10x_hd.o(.text)
    ADC1_2_IRQHandler                        0x08000163   Thumb Code     0  startup_stm32f10x_hd.o(.text)
    ADC3_IRQHandler                          0x08000163   Thumb Code     0  startup_stm32f10x_hd.o(.text)
    CAN1_RX1_IRQHandler                      0x08000163   Thumb Code     0  startup_stm32f10x_hd.o(.text)
    CAN1_SCE_IRQHandler                      0x08000163   Thumb Code     0  startup_stm32f10x_hd.o(.text)
    DMA1_Channel1_IRQHandler                 0x08000163   Thumb Code     0  startup_stm32f10x_hd.o(.text)
    DMA1_Channel2_IRQHandler                 0x08000163   Thumb Code     0  startup_stm32f10x_hd.o(.text)
    DMA1_Channel3_IRQHandler                 0x08000163   Thumb Code     0  startup_stm32f10x_hd.o(.text)
    DMA1_Channel4_IRQHandler                 0x08000163   Thumb Code     0  startup_stm32f10x_hd.o(.text)
    DMA1_Channel5_IRQHandler                 0x08000163   Thumb Code     0  startup_stm32f10x_hd.o(.text)
    DMA1_Channel6_IRQHandler                 0x08000163   Thumb Code     0  startup_stm32f10x_hd.o(.text)
    DMA1_Channel7_IRQHandler                 0x08000163   Thumb Code     0  startup_stm32f10x_hd.o(.text)
    DMA2_Channel1_IRQHandler                 0x08000163   Thumb Code     0  startup_stm32f10x_hd.o(.text)
    DMA2_Channel2_IRQHandler                 0x08000163   Thumb Code     0  startup_stm32f10x_hd.o(.text)
    DMA2_Channel3_IRQHandler                 0x08000163   Thumb Code     0  startup_stm32f10x_hd.o(.text)
    DMA2_Channel4_5_IRQHandler               0x08000163   Thumb Code     0  startup_stm32f10x_hd.o(.text)
    EXTI0_IRQHandler                         0x08000163   Thumb Code     0  startup_stm32f10x_hd.o(.text)
    EXTI15_10_IRQHandler                     0x08000163   Thumb Code     0  startup_stm32f10x_hd.o(.text)
    EXTI1_IRQHandler                         0x08000163   Thumb Code     0  startup_stm32f10x_hd.o(.text)
    EXTI2_IRQHandler                         0x08000163   Thumb Code     0  startup_stm32f10x_hd.o(.text)
    EXTI3_IRQHandler                         0x08000163   Thumb Code     0  startup_stm32f10x_hd.o(.text)
    EXTI4_IRQHandler                         0x08000163   Thumb Code     0  startup_stm32f10x_hd.o(.text)
    EXTI9_5_IRQHandler                       0x08000163   Thumb Code     0  startup_stm32f10x_hd.o(.text)
    FLASH_IRQHandler                         0x08000163   Thumb Code     0  startup_stm32f10x_hd.o(.text)
    FSMC_IRQHandler                          0x08000163   Thumb Code     0  startup_stm32f10x_hd.o(.text)
    I2C1_ER_IRQHandler                       0x08000163   Thumb Code     0  startup_stm32f10x_hd.o(.text)
    I2C1_EV_IRQHandler                       0x08000163   Thumb Code     0  startup_stm32f10x_hd.o(.text)
    I2C2_ER_IRQHandler                       0x08000163   Thumb Code     0  startup_stm32f10x_hd.o(.text)
    I2C2_EV_IRQHandler                       0x08000163   Thumb Code     0  startup_stm32f10x_hd.o(.text)
    PVD_IRQHandler                           0x08000163   Thumb Code     0  startup_stm32f10x_hd.o(.text)
    RCC_IRQHandler                           0x08000163   Thumb Code     0  startup_stm32f10x_hd.o(.text)
    RTCAlarm_IRQHandler                      0x08000163   Thumb Code     0  startup_stm32f10x_hd.o(.text)
    RTC_IRQHandler                           0x08000163   Thumb Code     0  startup_stm32f10x_hd.o(.text)
    SDIO_IRQHandler                          0x08000163   Thumb Code     0  startup_stm32f10x_hd.o(.text)
    SPI1_IRQHandler                          0x08000163   Thumb Code     0  startup_stm32f10x_hd.o(.text)
    SPI2_IRQHandler                          0x08000163   Thumb Code     0  startup_stm32f10x_hd.o(.text)
    SPI3_IRQHandler                          0x08000163   Thumb Code     0  startup_stm32f10x_hd.o(.text)
    TAMPER_IRQHandler                        0x08000163   Thumb Code     0  startup_stm32f10x_hd.o(.text)
    TIM1_BRK_IRQHandler                      0x08000163   Thumb Code     0  startup_stm32f10x_hd.o(.text)
    TIM1_CC_IRQHandler                       0x08000163   Thumb Code     0  startup_stm32f10x_hd.o(.text)
    TIM1_TRG_COM_IRQHandler                  0x08000163   Thumb Code     0  startup_stm32f10x_hd.o(.text)
    TIM1_UP_IRQHandler                       0x08000163   Thumb Code     0  startup_stm32f10x_hd.o(.text)
    TIM3_IRQHandler                          0x08000163   Thumb Code     0  startup_stm32f10x_hd.o(.text)
    TIM4_IRQHandler                          0x08000163   Thumb Code     0  startup_stm32f10x_hd.o(.text)
    TIM6_IRQHandler                          0x08000163   Thumb Code     0  startup_stm32f10x_hd.o(.text)
    TIM7_IRQHandler                          0x08000163   Thumb Code     0  startup_stm32f10x_hd.o(.text)
    TIM8_BRK_IRQHandler                      0x08000163   Thumb Code     0  startup_stm32f10x_hd.o(.text)
    TIM8_CC_IRQHandler                       0x08000163   Thumb Code     0  startup_stm32f10x_hd.o(.text)
    TIM8_TRG_COM_IRQHandler                  0x08000163   Thumb Code     0  startup_stm32f10x_hd.o(.text)
    TIM8_UP_IRQHandler                       0x08000163   Thumb Code     0  startup_stm32f10x_hd.o(.text)
    UART4_IRQHandler                         0x08000163   Thumb Code     0  startup_stm32f10x_hd.o(.text)
    UART5_IRQHandler                         0x08000163   Thumb Code     0  startup_stm32f10x_hd.o(.text)
    USART2_IRQHandler                        0x08000163   Thumb Code     0  startup_stm32f10x_hd.o(.text)
    USART3_IRQHandler                        0x08000163   Thumb Code     0  startup_stm32f10x_hd.o(.text)
    USBWakeUp_IRQHandler                     0x08000163   Thumb Code     0  startup_stm32f10x_hd.o(.text)
    USB_HP_CAN1_TX_IRQHandler                0x08000163   Thumb Code     0  startup_stm32f10x_hd.o(.text)
    USB_LP_CAN1_RX0_IRQHandler               0x08000163   Thumb Code     0  startup_stm32f10x_hd.o(.text)
    WWDG_IRQHandler                          0x08000163   Thumb Code     0  startup_stm32f10x_hd.o(.text)
    __aeabi_uidiv                            0x0800016d   Thumb Code     0  uidiv.o(.text)
    __aeabi_uidivmod                         0x0800016d   Thumb Code    44  uidiv.o(.text)
    __scatterload                            0x08000199   Thumb Code    28  init.o(.text)
    __scatterload_rt2                        0x08000199   Thumb Code     0  init.o(.text)
    BusFault_Handler                         0x080001bd   Thumb Code     2  stm32f10x_it.o(i.BusFault_Handler)
    Clr1SecFlag                              0x080001c1   Thumb Code     8  timer.o(i.Clr1SecFlag)
    Clr2msFlag                               0x080001cd   Thumb Code     8  timer.o(i.Clr2msFlag)
    DeQueue                                  0x080005f5   Thumb Code    62  queue.o(i.DeQueue)
    DebugMon_Handler                         0x08000633   Thumb Code     2  stm32f10x_it.o(i.DebugMon_Handler)
    DelayNms                                 0x08000635   Thumb Code    16  systick.o(i.DelayNms)
    EnQueue                                  0x08000649   Thumb Code    66  queue.o(i.EnQueue)
    FLASH_PrefetchBufferCmd                  0x0800068d   Thumb Code    18  stm32f10x_flash.o(i.FLASH_PrefetchBufferCmd)
    FLASH_SetLatency                         0x080006a5   Thumb Code    14  stm32f10x_flash.o(i.FLASH_SetLatency)
    GPIO_Init                                0x080006b9   Thumb Code   166  stm32f10x_gpio.o(i.GPIO_Init)
    GPIO_ReadInputDataBit                    0x0800075f   Thumb Code    14  stm32f10x_gpio.o(i.GPIO_ReadInputDataBit)
    GPIO_ResetBits                           0x0800076d   Thumb Code     4  stm32f10x_gpio.o(i.GPIO_ResetBits)
    GPIO_SetBits                             0x08000771   Thumb Code     4  stm32f10x_gpio.o(i.GPIO_SetBits)
    GPIO_WriteBit                            0x08000775   Thumb Code    12  stm32f10x_gpio.o(i.GPIO_WriteBit)
    Get1SecFlag                              0x08000781   Thumb Code     6  timer.o(i.Get1SecFlag)
    Get2msFlag                               0x0800078d   Thumb Code     6  timer.o(i.Get2msFlag)
    HardFault_Handler                        0x08000799   Thumb Code     2  stm32f10x_it.o(i.HardFault_Handler)
    InitKeyOne                               0x080007cd   Thumb Code    18  keyone.o(i.InitKeyOne)
    InitLED                                  0x080007e5   Thumb Code     4  led.o(i.InitLED)
    InitNVIC                                 0x080007e9   Thumb Code     4  nvic.o(i.InitNVIC)
    InitOLED                                 0x080007ed   Thumb Code    52  oled.o(i.InitOLED)
    InitProcKeyOne                           0x08000825   Thumb Code     2  prockeyone.o(i.InitProcKeyOne)
    InitQueue                                0x08000827   Thumb Code    32  queue.o(i.InitQueue)
    InitRCC                                  0x08000847   Thumb Code     4  rcc.o(i.InitRCC)
    InitSysTick                              0x0800084d   Thumb Code    58  systick.o(i.InitSysTick)
    InitTimer                                0x08000891   Thumb Code    26  timer.o(i.InitTimer)
    InitUART1                                0x080008ab   Thumb Code    18  uart1.o(i.InitUART1)
    MemManage_Handler                        0x080008f9   Thumb Code     2  stm32f10x_it.o(i.MemManage_Handler)
    NMI_Handler                              0x080008fb   Thumb Code     2  stm32f10x_it.o(i.NMI_Handler)
    NVIC_Init                                0x08000915   Thumb Code    96  misc.o(i.NVIC_Init)
    NVIC_PriorityGroupConfig                 0x08000979   Thumb Code    10  misc.o(i.NVIC_PriorityGroupConfig)
    OLEDClear                                0x0800098d   Thumb Code    38  oled.o(i.OLEDClear)
    OLEDRefreshGRAM                          0x080009f5   Thumb Code    66  oled.o(i.OLEDRefreshGRAM)
    OLEDShowChar                             0x08000a3d   Thumb Code   134  oled.o(i.OLEDShowChar)
    OLEDShowStringBySize                     0x08000acd   Thumb Code    84  oled.o(i.OLEDShowStringBySize)
    PendSV_Handler                           0x08000bad   Thumb Code     2  stm32f10x_it.o(i.PendSV_Handler)
    QueueEmpty                               0x08000c1f   Thumb Code    14  queue.o(i.QueueEmpty)
    RCC_APB1PeriphClockCmd                   0x08000c2d   Thumb Code    22  stm32f10x_rcc.o(i.RCC_APB1PeriphClockCmd)
    RCC_APB2PeriphClockCmd                   0x08000c49   Thumb Code    22  stm32f10x_rcc.o(i.RCC_APB2PeriphClockCmd)
    RCC_DeInit                               0x08000c65   Thumb Code    50  stm32f10x_rcc.o(i.RCC_DeInit)
    RCC_GetClocksFreq                        0x08000ca5   Thumb Code   154  stm32f10x_rcc.o(i.RCC_GetClocksFreq)
    RCC_GetFlagStatus                        0x08000d51   Thumb Code    42  stm32f10x_rcc.o(i.RCC_GetFlagStatus)
    RCC_GetSYSCLKSource                      0x08000d81   Thumb Code    10  stm32f10x_rcc.o(i.RCC_GetSYSCLKSource)
    RCC_HCLKConfig                           0x08000d91   Thumb Code    14  stm32f10x_rcc.o(i.RCC_HCLKConfig)
    RCC_HSEConfig                            0x08000da5   Thumb Code    50  stm32f10x_rcc.o(i.RCC_HSEConfig)
    RCC_PCLK1Config                          0x08000ddd   Thumb Code    14  stm32f10x_rcc.o(i.RCC_PCLK1Config)
    RCC_PCLK2Config                          0x08000df1   Thumb Code    16  stm32f10x_rcc.o(i.RCC_PCLK2Config)
    RCC_PLLCmd                               0x08000e05   Thumb Code     6  stm32f10x_rcc.o(i.RCC_PLLCmd)
    RCC_PLLConfig                            0x08000e11   Thumb Code    16  stm32f10x_rcc.o(i.RCC_PLLConfig)
    RCC_SYSCLKConfig                         0x08000e25   Thumb Code    14  stm32f10x_rcc.o(i.RCC_SYSCLKConfig)
    RCC_WaitForHSEStartUp                    0x08000e39   Thumb Code    48  stm32f10x_rcc.o(i.RCC_WaitForHSEStartUp)
    SVC_Handler                              0x08000e7d   Thumb Code     2  stm32f10x_it.o(i.SVC_Handler)
    ScanKeyOne                               0x08000e81   Thumb Code   204  keyone.o(i.ScanKeyOne)
    SysTick_Handler                          0x0800102d   Thumb Code     4  systick.o(i.SysTick_Handler)
    SystemInit                               0x08001031   Thumb Code    64  system_stm32f10x.o(i.SystemInit)
    TIM2_IRQHandler                          0x08001081   Thumb Code    48  timer.o(i.TIM2_IRQHandler)
    TIM5_IRQHandler                          0x080010b5   Thumb Code    50  timer.o(i.TIM5_IRQHandler)
    TIM_ClearITPendingBit                    0x080010f1   Thumb Code     6  stm32f10x_tim.o(i.TIM_ClearITPendingBit)
    TIM_Cmd                                  0x080010f7   Thumb Code    24  stm32f10x_tim.o(i.TIM_Cmd)
    TIM_GetITStatus                          0x0800110f   Thumb Code    24  stm32f10x_tim.o(i.TIM_GetITStatus)
    TIM_ITConfig                             0x08001127   Thumb Code    20  stm32f10x_tim.o(i.TIM_ITConfig)
    TIM_TimeBaseInit                         0x0800113d   Thumb Code   114  stm32f10x_tim.o(i.TIM_TimeBaseInit)
    USART1_IRQHandler                        0x080011ed   Thumb Code   138  uart1.o(i.USART1_IRQHandler)
    USART_ClearFlag                          0x08001285   Thumb Code     8  stm32f10x_usart.o(i.USART_ClearFlag)
    USART_ClearITPendingBit                  0x0800128d   Thumb Code    16  stm32f10x_usart.o(i.USART_ClearITPendingBit)
    USART_Cmd                                0x0800129d   Thumb Code    24  stm32f10x_usart.o(i.USART_Cmd)
    USART_GetFlagStatus                      0x080012b5   Thumb Code    14  stm32f10x_usart.o(i.USART_GetFlagStatus)
    USART_GetITStatus                        0x080012c3   Thumb Code    64  stm32f10x_usart.o(i.USART_GetITStatus)
    USART_ITConfig                           0x08001303   Thumb Code    54  stm32f10x_usart.o(i.USART_ITConfig)
    USART_Init                               0x08001339   Thumb Code   182  stm32f10x_usart.o(i.USART_Init)
    USART_ReceiveData                        0x080013f5   Thumb Code     8  stm32f10x_usart.o(i.USART_ReceiveData)
    USART_SendData                           0x080013fd   Thumb Code     8  stm32f10x_usart.o(i.USART_SendData)
    USART_StructInit                         0x08001405   Thumb Code    22  stm32f10x_usart.o(i.USART_StructInit)
    UsageFault_Handler                       0x0800141b   Thumb Code     2  stm32f10x_it.o(i.UsageFault_Handler)
    __0printf$6                              0x08001431   Thumb Code    22  printf6.o(i.__0printf$6)
    __1printf$6                              0x08001431   Thumb Code     0  printf6.o(i.__0printf$6)
    __2printf                                0x08001431   Thumb Code     0  printf6.o(i.__0printf$6)
    __0sprintf$6                             0x08001451   Thumb Code    34  printf6.o(i.__0sprintf$6)
    __1sprintf$6                             0x08001451   Thumb Code     0  printf6.o(i.__0sprintf$6)
    __2sprintf                               0x08001451   Thumb Code     0  printf6.o(i.__0sprintf$6)
    __scatterload_copy                       0x08001479   Thumb Code    14  handlers.o(i.__scatterload_copy)
    __scatterload_null                       0x08001487   Thumb Code     2  handlers.o(i.__scatterload_null)
    __scatterload_zeroinit                   0x08001489   Thumb Code    14  handlers.o(i.__scatterload_zeroinit)
    fputc                                    0x0800187d   Thumb Code    14  uart1.o(i.fputc)
    main                                     0x08001949   Thumb Code    46  main.o(i.main)
    g_iASCII1206                             0x08001a28   Data        1140  oled.o(.constdata)
    g_iASCII1608                             0x08001e9c   Data        1520  oled.o(.constdata)
    Region$$Table$$Base                      0x0800248c   Number         0  anon$$obj.o(Region$$Table)
    Region$$Table$$Limit                     0x080024ac   Number         0  anon$$obj.o(Region$$Table)
    currentPage                              0x20000000   Data           1  main.o(.data)
    currentSecond                            0x20000001   Data           1  main.o(.data)
    currentMimutes                           0x20000002   Data           1  main.o(.data)
    currentHours                             0x20000003   Data           1  main.o(.data)
    currentYear                              0x20000006   Data           2  main.o(.data)
    currentMonth                             0x20000008   Data           2  main.o(.data)
    currentDay                               0x2000000a   Data           2  main.o(.data)
    SystemCoreClock                          0x20000040   Data           4  system_stm32f10x.o(.data)
    AHBPrescTable                            0x20000044   Data          16  system_stm32f10x.o(.data)
    __stdout                                 0x20000054   Data           4  stdout.o(.data)
    currentTimeStr                           0x20000058   Data          10  main.o(.bss)
    currentDateStr                           0x20000062   Data          20  main.o(.bss)
    __initial_sp                             0x20000958   Data           0  startup_stm32f10x_hd.o(STACK)



==============================================================================

Memory Map of the image

  Image Entry point : 0x08000131

  Load Region LR_IROM1 (Base: 0x08000000, Size: 0x00002504, Max: 0x00040000, ABSOLUTE)

    Execution Region ER_IROM1 (Exec base: 0x08000000, Load base: 0x08000000, Size: 0x000024ac, Max: 0x00040000, ABSOLUTE)

    Exec Addr    Load Addr    Size         Type   Attr      Idx    E Section Name        Object

    0x08000000   0x08000000   0x00000130   Data   RO         1975    RESET               startup_stm32f10x_hd.o
    0x08000130   0x08000130   0x00000000   Code   RO         1981  * .ARM.Collect$$$$00000000  mc_w.l(entry.o)
    0x08000130   0x08000130   0x00000004   Code   RO         2245    .ARM.Collect$$$$00000001  mc_w.l(entry2.o)
    0x08000134   0x08000134   0x00000004   Code   RO         2248    .ARM.Collect$$$$00000004  mc_w.l(entry5.o)
    0x08000138   0x08000138   0x00000000   Code   RO         2250    .ARM.Collect$$$$00000008  mc_w.l(entry7b.o)
    0x08000138   0x08000138   0x00000000   Code   RO         2252    .ARM.Collect$$$$0000000A  mc_w.l(entry8b.o)
    0x08000138   0x08000138   0x00000008   Code   RO         2253    .ARM.Collect$$$$0000000B  mc_w.l(entry9a.o)
    0x08000140   0x08000140   0x00000004   Code   RO         2260    .ARM.Collect$$$$0000000E  mc_w.l(entry12b.o)
    0x08000144   0x08000144   0x00000000   Code   RO         2255    .ARM.Collect$$$$0000000F  mc_w.l(entry10a.o)
    0x08000144   0x08000144   0x00000000   Code   RO         2257    .ARM.Collect$$$$00000011  mc_w.l(entry11a.o)
    0x08000144   0x08000144   0x00000004   Code   RO         2246    .ARM.Collect$$$$00002712  mc_w.l(entry2.o)
    0x08000148   0x08000148   0x00000024   Code   RO         1976    .text               startup_stm32f10x_hd.o
    0x0800016c   0x0800016c   0x0000002c   Code   RO         2262    .text               mc_w.l(uidiv.o)
    0x08000198   0x08000198   0x00000024   Code   RO         2277    .text               mc_w.l(init.o)
    0x080001bc   0x080001bc   0x00000002   Code   RO         1882    i.BusFault_Handler  stm32f10x_it.o
    0x080001be   0x080001be   0x00000002   PAD
    0x080001c0   0x080001c0   0x0000000c   Code   RO          389    i.Clr1SecFlag       timer.o
    0x080001cc   0x080001cc   0x0000000c   Code   RO          390    i.Clr2msFlag        timer.o
    0x080001d8   0x080001d8   0x00000058   Code   RO          335    i.ConfigKeyOneGPIO  keyone.o
    0x08000230   0x08000230   0x00000054   Code   RO          200    i.ConfigLEDGPIO     led.o
    0x08000284   0x08000284   0x00000008   Code   RO         1824    i.ConfigNVIC        nvic.o
    0x0800028c   0x0800028c   0x000000bc   Code   RO          244    i.ConfigOLEDGPIO    oled.o
    0x08000348   0x08000348   0x000000ce   Code   RO          245    i.ConfigOLEDReg     oled.o
    0x08000416   0x08000416   0x00000060   Code   RO          372    i.ConfigRCC         rcc.o
    0x08000476   0x08000476   0x0000005c   Code   RO          391    i.ConfigTimer2      timer.o
    0x080004d2   0x080004d2   0x00000002   PAD
    0x080004d4   0x080004d4   0x00000060   Code   RO          392    i.ConfigTimer5      timer.o
    0x08000534   0x08000534   0x000000c0   Code   RO          494    i.ConfigUART        uart1.o
    0x080005f4   0x080005f4   0x0000003e   Code   RO          450    i.DeQueue           queue.o
    0x08000632   0x08000632   0x00000002   Code   RO         1883    i.DebugMon_Handler  stm32f10x_it.o
    0x08000634   0x08000634   0x00000014   Code   RO         1841    i.DelayNms          systick.o
    0x08000648   0x08000648   0x00000042   Code   RO          451    i.EnQueue           queue.o
    0x0800068a   0x0800068a   0x00000002   PAD
    0x0800068c   0x0800068c   0x00000018   Code   RO          625    i.FLASH_PrefetchBufferCmd  stm32f10x_flash.o
    0x080006a4   0x080006a4   0x00000014   Code   RO          630    i.FLASH_SetLatency  stm32f10x_flash.o
    0x080006b8   0x080006b8   0x000000a6   Code   RO          788    i.GPIO_Init         stm32f10x_gpio.o
    0x0800075e   0x0800075e   0x0000000e   Code   RO          792    i.GPIO_ReadInputDataBit  stm32f10x_gpio.o
    0x0800076c   0x0800076c   0x00000004   Code   RO          795    i.GPIO_ResetBits    stm32f10x_gpio.o
    0x08000770   0x08000770   0x00000004   Code   RO          796    i.GPIO_SetBits      stm32f10x_gpio.o
    0x08000774   0x08000774   0x0000000c   Code   RO          799    i.GPIO_WriteBit     stm32f10x_gpio.o
    0x08000780   0x08000780   0x0000000c   Code   RO          393    i.Get1SecFlag       timer.o
    0x0800078c   0x0800078c   0x0000000c   Code   RO          394    i.Get2msFlag        timer.o
    0x08000798   0x08000798   0x00000002   Code   RO         1884    i.HardFault_Handler  stm32f10x_it.o
    0x0800079a   0x0800079a   0x00000032   Code   RO            1    i.InitHardware      main.o
    0x080007cc   0x080007cc   0x00000018   Code   RO          336    i.InitKeyOne        keyone.o
    0x080007e4   0x080007e4   0x00000004   Code   RO          201    i.InitLED           led.o
    0x080007e8   0x080007e8   0x00000004   Code   RO         1825    i.InitNVIC          nvic.o
    0x080007ec   0x080007ec   0x00000038   Code   RO          246    i.InitOLED          oled.o
    0x08000824   0x08000824   0x00000002   Code   RO          360    i.InitProcKeyOne    prockeyone.o
    0x08000826   0x08000826   0x00000020   Code   RO          452    i.InitQueue         queue.o
    0x08000846   0x08000846   0x00000004   Code   RO          373    i.InitRCC           rcc.o
    0x0800084a   0x0800084a   0x00000002   Code   RO            2    i.InitSoftware      main.o
    0x0800084c   0x0800084c   0x00000044   Code   RO         1843    i.InitSysTick       systick.o
    0x08000890   0x08000890   0x0000001a   Code   RO          395    i.InitTimer         timer.o
    0x080008aa   0x080008aa   0x00000012   Code   RO          496    i.InitUART1         uart1.o
    0x080008bc   0x080008bc   0x0000003c   Code   RO          497    i.InitUARTBuf       uart1.o
    0x080008f8   0x080008f8   0x00000002   Code   RO         1885    i.MemManage_Handler  stm32f10x_it.o
    0x080008fa   0x080008fa   0x00000002   Code   RO         1886    i.NMI_Handler       stm32f10x_it.o
    0x080008fc   0x080008fc   0x00000016   Code   RO          498    i.NVIC_ClearPendingIRQ  uart1.o
    0x08000912   0x08000912   0x00000002   PAD
    0x08000914   0x08000914   0x00000064   Code   RO          572    i.NVIC_Init         misc.o
    0x08000978   0x08000978   0x00000014   Code   RO          573    i.NVIC_PriorityGroupConfig  misc.o
    0x0800098c   0x0800098c   0x0000002c   Code   RO          247    i.OLEDClear         oled.o
    0x080009b8   0x080009b8   0x0000003c   Code   RO          250    i.OLEDDrawPoint     oled.o
    0x080009f4   0x080009f4   0x00000048   Code   RO          251    i.OLEDRefreshGRAM   oled.o
    0x08000a3c   0x08000a3c   0x00000090   Code   RO          252    i.OLEDShowChar      oled.o
    0x08000acc   0x08000acc   0x00000054   Code   RO          255    i.OLEDShowStringBySize  oled.o
    0x08000b20   0x08000b20   0x0000008c   Code   RO          256    i.OLEDWriteByte     oled.o
    0x08000bac   0x08000bac   0x00000002   Code   RO         1887    i.PendSV_Handler    stm32f10x_it.o
    0x08000bae   0x08000bae   0x00000014   Code   RO            3    i.Proc1SecTask      main.o
    0x08000bc2   0x08000bc2   0x00000022   Code   RO            4    i.Proc2msTask       main.o
    0x08000be4   0x08000be4   0x00000002   Code   RO            5    i.ProcKeyDownKey1   main.o
    0x08000be6   0x08000be6   0x00000002   Code   RO            6    i.ProcKeyDownKey2   main.o
    0x08000be8   0x08000be8   0x00000002   Code   RO            7    i.ProcKeyDownKey3   main.o
    0x08000bea   0x08000bea   0x00000002   PAD
    0x08000bec   0x08000bec   0x0000002c   Code   RO            8    i.ProcKeyLongDownKey  main.o
    0x08000c18   0x08000c18   0x00000002   Code   RO            9    i.ProcKeyUpKey1     main.o
    0x08000c1a   0x08000c1a   0x00000002   Code   RO           10    i.ProcKeyUpKey2     main.o
    0x08000c1c   0x08000c1c   0x00000002   Code   RO           11    i.ProcKeyUpKey3     main.o
    0x08000c1e   0x08000c1e   0x0000000e   Code   RO          453    i.QueueEmpty        queue.o
    0x08000c2c   0x08000c2c   0x0000001c   Code   RO          898    i.RCC_APB1PeriphClockCmd  stm32f10x_rcc.o
    0x08000c48   0x08000c48   0x0000001c   Code   RO          900    i.RCC_APB2PeriphClockCmd  stm32f10x_rcc.o
    0x08000c64   0x08000c64   0x00000040   Code   RO          907    i.RCC_DeInit        stm32f10x_rcc.o
    0x08000ca4   0x08000ca4   0x000000ac   Code   RO          908    i.RCC_GetClocksFreq  stm32f10x_rcc.o
    0x08000d50   0x08000d50   0x00000030   Code   RO          909    i.RCC_GetFlagStatus  stm32f10x_rcc.o
    0x08000d80   0x08000d80   0x00000010   Code   RO          911    i.RCC_GetSYSCLKSource  stm32f10x_rcc.o
    0x08000d90   0x08000d90   0x00000014   Code   RO          912    i.RCC_HCLKConfig    stm32f10x_rcc.o
    0x08000da4   0x08000da4   0x00000038   Code   RO          913    i.RCC_HSEConfig     stm32f10x_rcc.o
    0x08000ddc   0x08000ddc   0x00000014   Code   RO          919    i.RCC_PCLK1Config   stm32f10x_rcc.o
    0x08000df0   0x08000df0   0x00000014   Code   RO          920    i.RCC_PCLK2Config   stm32f10x_rcc.o
    0x08000e04   0x08000e04   0x0000000c   Code   RO          921    i.RCC_PLLCmd        stm32f10x_rcc.o
    0x08000e10   0x08000e10   0x00000014   Code   RO          922    i.RCC_PLLConfig     stm32f10x_rcc.o
    0x08000e24   0x08000e24   0x00000014   Code   RO          925    i.RCC_SYSCLKConfig  stm32f10x_rcc.o
    0x08000e38   0x08000e38   0x00000030   Code   RO          927    i.RCC_WaitForHSEStartUp  stm32f10x_rcc.o
    0x08000e68   0x08000e68   0x00000014   Code   RO          499    i.ReadSendBuf       uart1.o
    0x08000e7c   0x08000e7c   0x00000002   Code   RO         1888    i.SVC_Handler       stm32f10x_it.o
    0x08000e7e   0x08000e7e   0x00000002   PAD
    0x08000e80   0x08000e80   0x000000d8   Code   RO          337    i.ScanKeyOne        keyone.o
    0x08000f58   0x08000f58   0x00000020   Code   RO          501    i.SendCharUsedByFputc  uart1.o
    0x08000f78   0x08000f78   0x00000004   Code   RO         1939    i.SetSysClock       system_stm32f10x.o
    0x08000f7c   0x08000f7c   0x000000b0   Code   RO         1940    i.SetSysClockTo72   system_stm32f10x.o
    0x0800102c   0x0800102c   0x00000004   Code   RO         1844    i.SysTick_Handler   systick.o
    0x08001030   0x08001030   0x00000050   Code   RO         1942    i.SystemInit        system_stm32f10x.o
    0x08001080   0x08001080   0x00000034   Code   RO          396    i.TIM2_IRQHandler   timer.o
    0x080010b4   0x080010b4   0x0000003c   Code   RO          397    i.TIM5_IRQHandler   timer.o
    0x080010f0   0x080010f0   0x00000006   Code   RO         1107    i.TIM_ClearITPendingBit  stm32f10x_tim.o
    0x080010f6   0x080010f6   0x00000018   Code   RO         1112    i.TIM_Cmd           stm32f10x_tim.o
    0x0800110e   0x0800110e   0x00000018   Code   RO         1133    i.TIM_GetITStatus   stm32f10x_tim.o
    0x08001126   0x08001126   0x00000014   Code   RO         1137    i.TIM_ITConfig      stm32f10x_tim.o
    0x0800113a   0x0800113a   0x00000002   PAD
    0x0800113c   0x0800113c   0x0000009c   Code   RO         1183    i.TIM_TimeBaseInit  stm32f10x_tim.o
    0x080011d8   0x080011d8   0x00000014   Code   RO         1845    i.TimDelayDec       systick.o
    0x080011ec   0x080011ec   0x00000098   Code   RO          502    i.USART1_IRQHandler  uart1.o
    0x08001284   0x08001284   0x00000008   Code   RO         1644    i.USART_ClearFlag   stm32f10x_usart.o
    0x0800128c   0x0800128c   0x00000010   Code   RO         1645    i.USART_ClearITPendingBit  stm32f10x_usart.o
    0x0800129c   0x0800129c   0x00000018   Code   RO         1648    i.USART_Cmd         stm32f10x_usart.o
    0x080012b4   0x080012b4   0x0000000e   Code   RO         1651    i.USART_GetFlagStatus  stm32f10x_usart.o
    0x080012c2   0x080012c2   0x00000040   Code   RO         1652    i.USART_GetITStatus  stm32f10x_usart.o
    0x08001302   0x08001302   0x00000036   Code   RO         1654    i.USART_ITConfig    stm32f10x_usart.o
    0x08001338   0x08001338   0x000000bc   Code   RO         1655    i.USART_Init        stm32f10x_usart.o
    0x080013f4   0x080013f4   0x00000008   Code   RO         1662    i.USART_ReceiveData  stm32f10x_usart.o
    0x080013fc   0x080013fc   0x00000008   Code   RO         1665    i.USART_SendData    stm32f10x_usart.o
    0x08001404   0x08001404   0x00000016   Code   RO         1671    i.USART_StructInit  stm32f10x_usart.o
    0x0800141a   0x0800141a   0x00000002   Code   RO         1889    i.UsageFault_Handler  stm32f10x_it.o
    0x0800141c   0x0800141c   0x00000014   Code   RO          503    i.WriteReceiveBuf   uart1.o
    0x08001430   0x08001430   0x00000020   Code   RO         2139    i.__0printf$6       mc_w.l(printf6.o)
    0x08001450   0x08001450   0x00000028   Code   RO         2141    i.__0sprintf$6      mc_w.l(printf6.o)
    0x08001478   0x08001478   0x0000000e   Code   RO         2289    i.__scatterload_copy  mc_w.l(handlers.o)
    0x08001486   0x08001486   0x00000002   Code   RO         2290    i.__scatterload_null  mc_w.l(handlers.o)
    0x08001488   0x08001488   0x0000000e   Code   RO         2291    i.__scatterload_zeroinit  mc_w.l(handlers.o)
    0x08001496   0x08001496   0x00000002   PAD
    0x08001498   0x08001498   0x000002f0   Code   RO         2146    i._printf_core      mc_w.l(printf6.o)
    0x08001788   0x08001788   0x00000024   Code   RO         2147    i._printf_post_padding  mc_w.l(printf6.o)
    0x080017ac   0x080017ac   0x0000002e   Code   RO         2148    i._printf_pre_padding  mc_w.l(printf6.o)
    0x080017da   0x080017da   0x0000000a   Code   RO         2150    i._sputc            mc_w.l(printf6.o)
    0x080017e4   0x080017e4   0x00000098   Code   RO           12    i.clockPerTick      main.o
    0x0800187c   0x0800187c   0x0000000e   Code   RO          505    i.fputc             uart1.o
    0x0800188a   0x0800188a   0x00000002   PAD
    0x0800188c   0x0800188c   0x00000030   Code   RO           13    i.handleCurrentDateStr  main.o
    0x080018bc   0x080018bc   0x00000030   Code   RO           14    i.handleCurrentTimeStr  main.o
    0x080018ec   0x080018ec   0x0000005c   Code   RO           15    i.handleKeys        main.o
    0x08001948   0x08001948   0x00000058   Code   RO           16    i.main              main.o
    0x080019a0   0x080019a0   0x0000003c   Code   RO           17    i.renderHomePage    main.o
    0x080019dc   0x080019dc   0x0000004c   Code   RO           18    i.renderSettingsPage  main.o
    0x08001a28   0x08001a28   0x00000a64   Data   RO          258    .constdata          oled.o
    0x0800248c   0x0800248c   0x00000020   Data   RO         2287    Region$$Table       anon$$obj.o


    Execution Region RW_IRAM1 (Exec base: 0x20000000, Load base: 0x080024ac, Size: 0x00000958, Max: 0x0000c000, ABSOLUTE)

    Exec Addr    Load Addr    Size         Type   Attr      Idx    E Section Name        Object

    0x20000000   0x080024ac   0x0000000e   Data   RW           20    .data               main.o
    0x2000000e   0x080024ba   0x00000012   Data   RW          338    .data               keyone.o
    0x20000020   0x080024cc   0x00000006   Data   RW          398    .data               timer.o
    0x20000026   0x080024d2   0x00000001   Data   RW          507    .data               uart1.o
    0x20000027   0x080024d3   0x00000014   Data   RW          928    .data               stm32f10x_rcc.o
    0x2000003b   0x080024e7   0x00000001   PAD
    0x2000003c   0x080024e8   0x00000004   Data   RW         1846    .data               systick.o
    0x20000040   0x080024ec   0x00000014   Data   RW         1943    .data               system_stm32f10x.o
    0x20000054   0x08002500   0x00000004   Data   RW         2261    .data               mc_w.l(stdout.o)
    0x20000058        -       0x0000001e   Zero   RW           19    .bss                main.o
    0x20000076        -       0x00000400   Zero   RW          257    .bss                oled.o
    0x20000476   0x08002504   0x00000002   PAD
    0x20000478        -       0x000000e0   Zero   RW          506    .bss                uart1.o
    0x20000558        -       0x00000400   Zero   RW         1973    STACK               startup_stm32f10x_hd.o


==============================================================================

Image component sizes


      Code (inc. data)   RO Data    RW Data    ZI Data      Debug   Object Name

       328         28          0         18          0       2722   keyone.o
        88          4          0          0          0     206638   led.o
       726        194          0         14         30     263449   main.o
       120         14          0          0          0       1547   misc.o
        12          0          0          0          0        819   nvic.o
       994         48       2660          0       1024       7371   oled.o
         2          0          0          0          0        449   prockeyone.o
       174          0          0          0          0       3189   queue.o
       100          0          0          0          0        942   rcc.o
        36          8        304          0       1024        848   startup_stm32f10x_hd.o
        44         12          0          0          0       1061   stm32f10x_flash.o
       200          0          0          0          0       4272   stm32f10x_gpio.o
        16          0          0          0          0       3640   stm32f10x_it.o
       572         94          0         20          0      10658   stm32f10x_rcc.o
       230         42          0          0          0       3654   stm32f10x_tim.o
       406          6          0          0          0       8100   stm32f10x_usart.o
       260         26          0         20          0       2285   system_stm32f10x.o
       112         18          0          4          0      17646   systick.o
       374         40          0          6          0       4806   timer.o
       530         46          0          1        224      20615   uart1.o

    ----------------------------------------------------------------------
      5340        580       2996         84       2304     564711   Object Totals
         0          0         32          0          0          0   (incl. Generated)
        16          0          0          1          2          0   (incl. Padding)

    ----------------------------------------------------------------------

      Code (inc. data)   RO Data    RW Data    ZI Data      Debug   Library Member Name

         0          0          0          0          0          0   entry.o
         0          0          0          0          0          0   entry10a.o
         0          0          0          0          0          0   entry11a.o
         4          0          0          0          0          0   entry12b.o
         8          4          0          0          0          0   entry2.o
         4          0          0          0          0          0   entry5.o
         0          0          0          0          0          0   entry7b.o
         0          0          0          0          0          0   entry8b.o
         8          4          0          0          0          0   entry9a.o
        30          0          0          0          0          0   handlers.o
        36          8          0          0          0         68   init.o
       916         20          0          0          0        504   printf6.o
         0          0          0          4          0          0   stdout.o
        44          0          0          0          0         80   uidiv.o

    ----------------------------------------------------------------------
      1052         36          0          4          0        652   Library Totals
         2          0          0          0          0          0   (incl. Padding)

    ----------------------------------------------------------------------

      Code (inc. data)   RO Data    RW Data    ZI Data      Debug   Library Name

      1050         36          0          4          0        652   mc_w.l

    ----------------------------------------------------------------------
      1052         36          0          4          0        652   Library Totals

    ----------------------------------------------------------------------

==============================================================================


      Code (inc. data)   RO Data    RW Data    ZI Data      Debug   

      6392        616       2996         88       2304     559691   Grand Totals
      6392        616       2996         88       2304     559691   ELF Image Totals
      6392        616       2996         88          0          0   ROM Totals

==============================================================================

    Total RO  Size (Code + RO Data)                 9388 (   9.17kB)
    Total RW  Size (RW Data + ZI Data)              2392 (   2.34kB)
    Total ROM Size (Code + RO Data + RW Data)       9476 (   9.25kB)

==============================================================================

